
   _  _______  ______________    
  / |/ / __/ |/_/ __/  _/_  /    
 /    / _/_>  <_\ \_/ /  / /_    
/_/|_/___/_/|_/___/___/ /___/    

        Nexsiz v0.1.0
  Stateful Network Protocol Fuzzer
  Semantic • Adaptive • High-Throughput
  Grey-box Instrumentation Ready

[INFO] Nexsiz v0.1.0 starting
[INFO] Target: 127.0.0.1:2121 (tcp)
[INFO] Plugins: protocol=ftp integrity=ftp oracle=default encryptor=null
[INFO] Coverage provider: null
[INFO] Oracle: default
[INFO] Process monitor active: python3 /home/workdir/artifacts/nexsiz-test/crashable_server.py 2121
[INFO] Workers: 2 | Connection reuse: true | Adaptive state: true
[INFO] Protocol model: ftp
[INFO] Loaded 4 unique seeds
[WARN] Target process exited abnormally (crash indicator)
[FIND] id=5 new_state=true new_cov=true codes=[220] resp0=32323020437261736861626c65205465…
[FIND] id=8 new_state=true new_cov=true codes=[] resp0=
[CRASH] id=11 state=0000000000000000 elapsed=59.462µs err=Some("connection closed by peer")
[FIND] id=10 new_state=true new_cov=true codes=[331] resp0=3333312050617373776f726420726571…
[FIND] id=15 new_state=false new_cov=true codes=[] resp0=
[FIND] id=13 new_state=false new_cov=true codes=[220] resp0=32323020437261736861626c65205465…
[CRASH] id=19 state=0000000000000000 elapsed=11.37µs err=Some("connection closed by peer")
[CRASH] id=24 state=0000000000000000 elapsed=10.182µs err=Some("connection closed by peer")
[HANG] id=28 state=0000000000000000 elapsed=521.43458ms
[HANG] id=26 state=0000000000000000 elapsed=521.514787ms
[HANG] id=32 state=0000000000000000 elapsed=511.863613ms
[HANG] id=30 state=0000000000000000 elapsed=515.849454ms
[HANG] id=34 state=0000000000000000 elapsed=511.873809ms
[HANG] id=36 state=0000000000000000 elapsed=515.779882ms
[STAT] [5.0s] execs: 20 (4/s) | corpus: 18 | paths: 6 | states: 3 | cov_edges: 0 | crashes: 4 | hangs: 6 | restores: 0 | desock: 13 | nxs_sec: 0 | snap: - | tracker_states: 3 | py_oracle: 0/0
[HANG] id=38 state=0000000000000000 elapsed=511.842929ms
[HANG] id=40 state=0000000000000000 elapsed=511.863038ms
[HANG] id=42 state=0000000000000000 elapsed=511.925443ms
[HANG] id=44 state=0000000000000000 elapsed=511.92179ms
[INFO] Reached max_execs limit
[INFO] Shutting down workers…
[INFO] === Campaign Summary ===
[STAT] [10.1s] execs: 28 (3/s) | corpus: 22 | paths: 6 | states: 3 | cov_edges: 0 | crashes: 4 | hangs: 10 | restores: 0 | desock: 15 | nxs_sec: 0 | snap: - | tracker_states: 3 | py_oracle: 0/0
[INFO] Unique states observed: 3
[INFO] Transitions recorded: 5
[INFO] Predictor observations: 26
[INFO] Coverage edges (null): 0
[INFO] Python oracle hits/misses: 0/0
[INFO] Python mutator extra dict: inactive
[INFO] Protocol desocket resets: 15
[INFO] Plugins used: protocol=ftp integrity=ftp oracle=default encryptor=null
