
   _  _______  ______________    
  / |/ / __/ |/_/ __/  _/_  /    
 /    / _/_>  <_\ \_/ /  / /_    
/_/|_/___/_/|_/___/___/ /___/    

        Nexsiz v0.1.0
  Stateful Network Protocol Fuzzer
  Semantic • Adaptive • High-Throughput
  Grey-box Instrumentation Ready

[nexsiz] coverage SHM attached: /nexsiz-cov-test42
[INFO] Nexsiz v0.1.0 starting
[INFO] Target: 127.0.0.1:2121 (tcp)
[INFO] Plugins: protocol=ftp integrity=ftp oracle=default encryptor=null
[INFO] Coverage provider: map+shm
[INFO] Oracle: default
[INFO] Process monitor active: python3 /home/workdir/artifacts/nexsiz-test/crashable_server.py 2121
[INFO] Workers: 1 | Connection reuse: true | Adaptive state: true
[INFO] Protocol model: ftp
[INFO] Loaded 4 unique seeds
[INFO] Reached max_execs limit
[INFO] Shutting down workers…
[FIND] id=5 new_state=true new_cov=true codes=[] resp0=
[FIND] id=7 new_state=false new_cov=true codes=[] resp0=
[FIND] id=89 new_state=true new_cov=true codes=[220] resp0=32323020437261736861626c65205465…
[CRASH] id=91 state=0000000000000000 elapsed=20.627µs err=Some("connection closed by peer")
[CRASH] id=94 state=0000000000000000 elapsed=11.683µs err=Some("connection closed by peer")
[CRASH] id=97 state=0000000000000000 elapsed=13.497µs err=Some("connection closed by peer")
[CRASH] id=100 state=0000000000000000 elapsed=13.614µs err=Some("connection closed by peer")
[CRASH] id=103 state=0000000000000000 elapsed=9.37µs err=Some("connection closed by peer")
[CRASH] id=106 state=0000000000000000 elapsed=9.673µs err=Some("connection closed by peer")
[CRASH] id=109 state=0000000000000000 elapsed=9.133µs err=Some("connection closed by peer")
[CRASH] id=111 state=0000000000000000 elapsed=69.163µs err=Some("connection closed by peer")
[INFO] === Campaign Summary ===
[STAT] [0.1s] execs: 364 (7117/s) | corpus: 15 | paths: 5 | states: 3 | cov_edges: 6 | crashes: 8 | hangs: 0 | restores: 0 | desock: 8 | nxs_sec: 0 | snap: - | tracker_states: 3 | py_oracle: 0/0
[INFO] Unique states observed: 3
[INFO] Transitions recorded: 4
[INFO] Predictor observations: 363
[INFO] Coverage edges (map+shm): 6
[INFO] Python oracle hits/misses: 0/0
[INFO] Python mutator extra dict: inactive
[INFO] Protocol desocket resets: 8
[INFO] Plugins used: protocol=ftp integrity=ftp oracle=default encryptor=null
