
   _  _______  ______________    
  / |/ / __/ |/_/ __/  _/_  /    
 /    / _/_>  <_\ \_/ /  / /_    
/_/|_/___/_/|_/___/___/ /___/    

        Nexsiz v0.1.0
  Stateful Network Protocol Fuzzer
  Semantic • Adaptive • High-Throughput
  Grey-box Instrumentation Ready

[nexsiz] coverage SHM attached: /nexsiz-cov-combined1
[INFO] Nexsiz v0.1.0 starting
[INFO] Target: 127.0.0.1:2121 (tcp)
[INFO] Plugins: protocol=ftp integrity=ftp oracle=default encryptor=null
[INFO] Coverage provider: map+shm
[INFO] Oracle: default
[INFO] Snapshot provider: process (backend=process)
[INFO] Workers: 1 | Connection reuse: true | Adaptive state: true
[INFO] Protocol model: ftp
[INFO] Loaded 4 unique seeds
[INFO] Reached max_execs limit
[INFO] Shutting down workers…
[FIND] id=5 new_state=true new_cov=true codes=[220] resp0=32323020437261736861626c65205465…
[FIND] id=7 new_state=true new_cov=true codes=[] resp0=
[FIND] id=9 new_state=false new_cov=true codes=[220] resp0=32323020437261736861626c65205465…
[CRASH] id=11 state=0000000000000000 elapsed=11.675µs err=Some("connection closed by peer")
[WARN] Target process issue (network-observed crash); snapshot=process restoring…
[INFO] Snapshot restore completed (workers will reconnect)
[CRASH] id=14 state=0000000000000000 elapsed=5.499µs err=Some("connection closed by peer")
[WARN] Target process issue (network-observed crash); snapshot=process restoring…
[INFO] Snapshot restore completed (workers will reconnect)
[CRASH] id=16 state=91b32379f3501477 elapsed=29.479µs err=Some("connection closed by peer")
[WARN] Target process issue (network-observed crash); snapshot=process restoring…
[INFO] Snapshot restore completed (workers will reconnect)
[CRASH] id=18 state=91b32379f3501477 elapsed=28.493µs err=Some("connection closed by peer")
[WARN] Target process issue (network-observed crash); snapshot=process restoring…
[INFO] Snapshot restore completed (workers will reconnect)
[FIND] id=20 new_state=false new_cov=true codes=[220] resp0=32323020437261736861626c65205465…
[CRASH] id=22 state=0000000000000000 elapsed=5.17µs err=Some("connection closed by peer")
[WARN] Target process issue (network-observed crash); snapshot=process restoring…
[INFO] Snapshot restore completed (workers will reconnect)
[FIND] id=24 new_state=true new_cov=true codes=[331] resp0=3333312050617373776f726420726571…
[CRASH] id=26 state=0000000000000000 elapsed=5.44µs err=Some("connection closed by peer")
[WARN] Target process issue (network-observed crash); snapshot=process restoring…
[INFO] Snapshot restore completed (workers will reconnect)
[CRASH] id=28 state=f659e0dfe95d7ecd elapsed=24.7µs err=Some("connection closed by peer")
[WARN] Target process issue (network-observed crash); snapshot=process restoring…
[INFO] Snapshot restore completed (workers will reconnect)
[CRASH] id=30 state=f659e0dfe95d7ecd elapsed=22.224µs err=Some("connection closed by peer")
[WARN] Target process issue (network-observed crash); snapshot=process restoring…
[INFO] Snapshot restore completed (workers will reconnect)
[CRASH] id=32 state=f659e0dfe95d7ecd elapsed=21.808µs err=Some("connection closed by peer")
[WARN] Target process issue (network-observed crash); snapshot=process restoring…
[INFO] Snapshot restore completed (workers will reconnect)
[CRASH] id=34 state=91b32379f3501477 elapsed=27.531µs err=Some("connection closed by peer")
[WARN] Target process issue (network-observed crash); snapshot=process restoring…
[INFO] Snapshot restore completed (workers will reconnect)
[FIND] id=36 new_state=false new_cov=true codes=[331] resp0=3333312050617373776f726420726571…
[CRASH] id=38 state=0000000000000000 elapsed=5.17µs err=Some("connection closed by peer")
[WARN] Target process issue (network-observed crash); snapshot=process restoring…
[INFO] Snapshot restore completed (workers will reconnect)
[CRASH] id=40 state=91b32379f3501477 elapsed=24.717µs err=Some("connection closed by peer")
[WARN] Target process issue (network-observed crash); snapshot=process restoring…
[INFO] Snapshot restore completed (workers will reconnect)
[CRASH] id=42 state=7dd79257efe6505f elapsed=25.243µs err=Some("connection closed by peer")
[WARN] Target process issue (network-observed crash); snapshot=process restoring…
[INFO] Snapshot restore completed (workers will reconnect)
[CRASH] id=44 state=7dd79257efe6505f elapsed=22.475µs err=Some("connection closed by peer")
[WARN] Target process issue (network-observed crash); snapshot=process restoring…
[INFO] Snapshot restore completed (workers will reconnect)
[CRASH] id=46 state=91b32379f3501477 elapsed=22.72µs err=Some("connection closed by peer")
[WARN] Target process issue (network-observed crash); snapshot=process restoring…
[INFO] Snapshot restore completed (workers will reconnect)
[CRASH] id=48 state=f659e0dfe95d7ecd elapsed=26.568µs err=Some("connection closed by peer")
[WARN] Target process issue (network-observed crash); snapshot=process restoring…
[INFO] Snapshot restore completed (workers will reconnect)
[CRASH] id=50 state=91b32379f3501477 elapsed=24.684µs err=Some("connection closed by peer")
[WARN] Target process issue (network-observed crash); snapshot=process restoring…
[INFO] Snapshot restore completed (workers will reconnect)
[CRASH] id=53 state=0000000000000000 elapsed=5.615µs err=Some("connection closed by peer")
[WARN] Target process issue (network-observed crash); snapshot=process restoring…
[INFO] Snapshot restore completed (workers will reconnect)
[CRASH] id=55 state=91b32379f3501477 elapsed=44.61µs err=Some("connection closed by peer")
[WARN] Target process issue (network-observed crash); snapshot=process restoring…
[INFO] Snapshot restore completed (workers will reconnect)
[CRASH] id=58 state=0000000000000000 elapsed=5.4µs err=Some("connection closed by peer")
[WARN] Target process issue (network-observed crash); snapshot=process restoring…
[INFO] Snapshot restore completed (workers will reconnect)
[CRASH] id=61 state=0000000000000000 elapsed=10.952µs err=Some("connection closed by peer")
[WARN] Target process issue (network-observed crash); snapshot=process restoring…
[INFO] Snapshot restore completed (workers will reconnect)
[CRASH] id=63 state=91b32379f3501477 elapsed=31.797µs err=Some("connection closed by peer")
[WARN] Target process issue (network-observed crash); snapshot=process restoring…
[INFO] Snapshot restore completed (workers will reconnect)
[CRASH] id=65 state=91b32379f3501477 elapsed=29.123µs err=Some("connection closed by peer")
[WARN] Target process issue (network-observed crash); snapshot=process restoring…
[INFO] Snapshot restore completed (workers will reconnect)
[CRASH] id=68 state=91b32379f3501477 elapsed=58.49µs err=Some("connection closed by peer")
[WARN] Target process issue (network-observed crash); snapshot=process restoring…
[INFO] Snapshot restore completed (workers will reconnect)
[CRASH] id=71 state=0000000000000000 elapsed=5.411µs err=Some("connection closed by peer")
[WARN] Target process issue (network-observed crash); snapshot=process restoring…
