
   _  _______  ______________    
  / |/ / __/ |/_/ __/  _/_  /    
 /    / _/_>  <_\ \_/ /  / /_    
/_/|_/___/_/|_/___/___/ /___/    

        Nexsiz v0.1.0
  Stateful Network Protocol Fuzzer
  Semantic • Adaptive • High-Throughput
  Grey-box Instrumentation Ready

[INFO] Nexsiz v0.1.0 starting
[INFO] Target: 127.0.0.1:2121 (tcp)
[INFO] Plugins: protocol=ftp integrity=ftp oracle=default encryptor=null
[INFO] Coverage provider: software
[INFO] Oracle: default
[INFO] Process monitor active: python3 /home/workdir/artifacts/nexsiz-test/crashable_server.py 2121
[INFO] Workers: 1 | Connection reuse: true | Adaptive state: true
[INFO] Protocol model: ftp
[INFO] Loaded 4 unique seeds
[WARN] Target process exited abnormally (crash indicator)
[INFO] Reached max_execs limit
[INFO] Shutting down workers…
[FIND] id=5 new_state=true new_cov=true codes=[220] resp0=32323020437261736861626c65205465…
[CRASH] id=7 state=0000000000000000 elapsed=22.141µs err=Some("connection closed by peer")
[FIND] id=9 new_state=false new_cov=true codes=[220] resp0=32323020437261736861626c65205465…
[CRASH] id=11 state=0000000000000000 elapsed=11.114µs err=Some("connection closed by peer")
[CRASH] id=14 state=0000000000000000 elapsed=13.308µs err=Some("connection closed by peer")
[CRASH] id=16 state=91b32379f3501477 elapsed=67.578µs err=Some("connection closed by peer")
[CRASH] id=18 state=91b32379f3501477 elapsed=46.39µs err=Some("connection closed by peer")
[FIND] id=20 new_state=false new_cov=true codes=[220] resp0=32323020437261736861626c65205465…
[CRASH] id=22 state=0000000000000000 elapsed=10.256µs err=Some("connection closed by peer")
[FIND] id=24 new_state=true new_cov=true codes=[331] resp0=3333312050617373776f726420726571…
[CRASH] id=26 state=0000000000000000 elapsed=10.273µs err=Some("connection closed by peer")
[CRASH] id=28 state=f659e0dfe95d7ecd elapsed=44.609µs err=Some("connection closed by peer")
[CRASH] id=30 state=f659e0dfe95d7ecd elapsed=42.096µs err=Some("connection closed by peer")
[CRASH] id=32 state=f659e0dfe95d7ecd elapsed=43.532µs err=Some("connection closed by peer")
[CRASH] id=34 state=91b32379f3501477 elapsed=44.987µs err=Some("connection closed by peer")
[CRASH] id=37 state=0000000000000000 elapsed=10.376µs err=Some("connection closed by peer")
[CRASH] id=39 state=91b32379f3501477 elapsed=46.135µs err=Some("connection closed by peer")
[CRASH] id=41 state=7dd79257efe6505f elapsed=62.15µs err=Some("connection closed by peer")
[CRASH] id=43 state=7dd79257efe6505f elapsed=46.617µs err=Some("connection closed by peer")
[CRASH] id=45 state=91b32379f3501477 elapsed=47.434µs err=Some("connection closed by peer")
[CRASH] id=47 state=f659e0dfe95d7ecd elapsed=158.374µs err=Some("connection closed by peer")
[CRASH] id=49 state=91b32379f3501477 elapsed=119.786µs err=Some("connection closed by peer")
[CRASH] id=52 state=0000000000000000 elapsed=11.317µs err=Some("connection closed by peer")
[CRASH] id=54 state=f659e0dfe95d7ecd elapsed=227.566µs err=Some("connection closed by peer")
[CRASH] id=56 state=91b32379f3501477 elapsed=255.048µs err=Some("connection closed by peer")
[FIND] id=58 new_state=false new_cov=true codes=[331] resp0=3333312050617373776f726420726571…
[CRASH] id=60 state=0000000000000000 elapsed=10.501µs err=Some("connection closed by peer")
[CRASH] id=62 state=91b32379f3501477 elapsed=52.089µs err=Some("connection closed by peer")
[CRASH] id=64 state=91b32379f3501477 elapsed=44.153µs err=Some("connection closed by peer")
[CRASH] id=66 state=91b32379f3501477 elapsed=45.54µs err=Some("connection closed by peer")
[CRASH] id=69 state=91b32379f3501477 elapsed=77.173µs err=Some("connection closed by peer")
[CRASH] id=71 state=91b32379f3501477 elapsed=45.532µs err=Some("connection closed by peer")
[FIND] id=73 new_state=true new_cov=true codes=[230] resp0=323330204c6f67696e20737563636573…
[CRASH] id=75 state=0000000000000000 elapsed=10.824µs err=Some("connection closed by peer")
[CRASH] id=77 state=91b32379f3501477 elapsed=47.856µs err=Some("connection closed by peer")
[CRASH] id=80 state=0000000000000000 elapsed=11.888µs err=Some("connection closed by peer")
[CRASH] id=82 state=91b32379f3501477 elapsed=46.038µs err=Some("connection closed by peer")
[CRASH] id=84 state=91b32379f3501477 elapsed=49.552µs err=Some("connection closed by peer")
[CRASH] id=86 state=91b32379f3501477 elapsed=45.06µs err=Some("connection closed by peer")
[CRASH] id=88 state=f659e0dfe95d7ecd elapsed=44.273µs err=Some("connection closed by peer")
[CRASH] id=90 state=f659e0dfe95d7ecd elapsed=48.458µs err=Some("connection closed by peer")
[CRASH] id=91 state=7dd79257efe6505f elapsed=47.85µs err=Some("connection closed by peer")
[CRASH] id=93 state=91b32379f3501477 elapsed=45.419µs err=Some("connection closed by peer")
[CRASH] id=96 state=0000000000000000 elapsed=10.983µs err=Some("connection closed by peer")
[CRASH] id=99 state=0000000000000000 elapsed=10.846µs err=Some("connection closed by peer")
[CRASH] id=102 state=0000000000000000 elapsed=15.551µs err=Some("connection closed by peer")
[CRASH] id=104 state=f659e0dfe95d7ecd elapsed=53.336µs err=Some("connection closed by peer")
[FIND] id=106 new_state=false new_cov=true codes=[220] resp0=32323020437261736861626c65205465…
[CRASH] id=108 state=0000000000000000 elapsed=10.828µs err=Some("connection closed by peer")
[CRASH] id=110 state=f659e0dfe95d7ecd elapsed=44.294µs err=Some("connection closed by peer")
[CRASH] id=112 state=f659e0dfe95d7ecd elapsed=45.131µs err=Some("connection closed by peer")
[FIND] id=114 new_state=true new_cov=true codes=[221] resp0=32323120476f6f646279650d0a
[CRASH] id=116 state=0000000000000000 elapsed=10.619µs err=Some("connection closed by peer")
[CRASH] id=118 state=91b32379f3501477 elapsed=44.164µs err=Some("connection closed by peer")
[CRASH] id=121 state=0000000000000000 elapsed=11.279µs err=Some("connection closed by peer")
[CRASH] id=123 state=f659e0dfe95d7ecd elapsed=47.456µs err=Some("connection closed by peer")
[CRASH] id=125 state=91b32379f3501477 elapsed=44.926µs err=Some("connection closed by peer")
[CRASH] id=127 state=f659e0dfe95d7ecd elapsed=42.263µs err=Some("connection closed by peer")
[CRASH] id=129 state=91b32379f3501477 elapsed=45.383µs err=Some("connection closed by peer")
[CRASH] id=131 state=91b32379f3501477 elapsed=47.637µs err=Some("connection closed by peer")
[CRASH] id=133 state=91b32379f3501477 elapsed=57.283µs err=Some("connection closed by peer")
[CRASH] id=135 state=f659e0dfe95d7ecd elapsed=125.165µs err=Some("connection closed by peer")
[CRASH] id=137 state=7dd79257efe6505f elapsed=51.262µs err=Some("connection closed by peer")
[FIND] id=139 new_state=false new_cov=true codes=[220] resp0=32323020437261736861626c65205465…
[CRASH] id=141 state=f659e0dfe95d7ecd elapsed=66.301µs err=Some("connection closed by peer")
[CRASH] id=144 state=0000000000000000 elapsed=11.105µs err=Some("connection closed by peer")
[CRASH] id=146 state=91b32379f3501477 elapsed=46.498µs err=Some("connection closed by peer")
[CRASH] id=148 state=f659e0dfe95d7ecd elapsed=43.97µs err=Some("connection closed by peer")
[CRASH] id=150 state=f659e0dfe95d7ecd elapsed=44.369µs err=Some("connection closed by peer")
[CRASH] id=153 state=0000000000000000 elapsed=11.722µs err=Some("connection closed by peer")
[CRASH] id=155 state=f659e0dfe95d7ecd elapsed=43.478µs err=Some("connection closed by peer")
[CRASH] id=157 state=f659e0dfe95d7ecd elapsed=56.542µs err=Some("connection closed by peer")
[CRASH] id=159 state=f659e0dfe95d7ecd elapsed=53.984µs err=Some("connection closed by peer")
[CRASH] id=162 state=0000000000000000 elapsed=8.755µs err=Some("connection closed by peer")
[CRASH] id=165 state=0000000000000000 elapsed=11.232µs err=Some("connection closed by peer")
[CRASH] id=168 state=0000000000000000 elapsed=13.815µs err=Some("connection closed by peer")
[CRASH] id=170 state=4c785b0fc471ed03 elapsed=52.033µs err=Some("connection closed by peer")
[CRASH] id=172 state=f659e0dfe95d7ecd elapsed=43.183µs err=Some("connection closed by peer")
[CRASH] id=175 state=0000000000000000 elapsed=11.215µs err=Some("connection closed by peer")
[CRASH] id=177 state=f659e0dfe95d7ecd elapsed=43.728µs err=Some("connection closed by peer")
[CRASH] id=179 state=f659e0dfe95d7ecd elapsed=45.697µs err=Some("connection closed by peer")
[FIND] id=181 new_state=false new_cov=true codes=[331] resp0=3333312050617373776f726420726571…
[CRASH] id=183 state=0000000000000000 elapsed=11.398µs err=Some("connection closed by peer")
[CRASH] id=185 state=f659e0dfe95d7ecd elapsed=71.486µs err=Some("connection closed by peer")
[CRASH] id=188 state=0000000000000000 elapsed=11.424µs err=Some("connection closed by peer")
[CRASH] id=190 state=7dd79257efe6505f elapsed=44.666µs err=Some("connection closed by peer")
[CRASH] id=193 state=0000000000000000 elapsed=8.762µs err=Some("connection closed by peer")
[CRASH] id=195 state=f659e0dfe95d7ecd elapsed=47.717µs err=Some("connection closed by peer")
[CRASH] id=199 state=0000000000000000 elapsed=10.878µs err=Some("connection closed by peer")
[CRASH] id=201 state=f659e0dfe95d7ecd elapsed=47.772µs err=Some("connection closed by peer")
[CRASH] id=204 state=0000000000000000 elapsed=8.491µs err=Some("connection closed by peer")
[CRASH] id=207 state=0000000000000000 elapsed=12.106µs err=Some("connection closed by peer")
[FIND] id=209 new_state=false new_cov=true codes=[221] resp0=32323120476f6f646279650d0a
[CRASH] id=211 state=0000000000000000 elapsed=11.279µs err=Some("connection closed by peer")
[CRASH] id=213 state=91b32379f3501477 elapsed=45.383µs err=Some("connection closed by peer")
[CRASH] id=215 state=f659e0dfe95d7ecd elapsed=47.087µs err=Some("connection closed by peer")
[CRASH] id=218 state=0000000000000000 elapsed=8.662µs err=Some("connection closed by peer")
[CRASH] id=221 state=0000000000000000 elapsed=8.995µs err=Some("connection closed by peer")
[CRASH] id=224 state=0000000000000000 elapsed=11.04µs err=Some("connection closed by peer")
[CRASH] id=226 state=f659e0dfe95d7ecd elapsed=44.102µs err=Some("connection closed by peer")
[CRASH] id=228 state=7dd79257efe6505f elapsed=44.671µs err=Some("connection closed by peer")
[CRASH] id=231 state=0000000000000000 elapsed=11.189µs err=Some("connection closed by peer")
[CRASH] id=234 state=0000000000000000 elapsed=11.631µs err=Some("connection closed by peer")
[CRASH] id=236 state=91b32379f3501477 elapsed=46.241µs err=Some("connection closed by peer")
[CRASH] id=238 state=91b32379f3501477 elapsed=60.005µs err=Some("connection closed by peer")
[CRASH] id=240 state=91b32379f3501477 elapsed=48.374µs err=Some("connection closed by peer")
[CRASH] id=242 state=91b32379f3501477 elapsed=50.254µs err=Some("connection closed by peer")
[CRASH] id=245 state=0000000000000000 elapsed=10.568µs err=Some("connection closed by peer")
[CRASH] id=248 state=0000000000000000 elapsed=11.063µs err=Some("connection closed by peer")
[CRASH] id=251 state=91b32379f3501477 elapsed=66.333µs err=Some("connection closed by peer")
[CRASH] id=253 state=91b32379f3501477 elapsed=41.696µs err=Some("connection closed by peer")
[CRASH] id=256 state=0000000000000000 elapsed=11.162µs err=Some("connection closed by peer")
[CRASH] id=259 state=0000000000000000 elapsed=10.962µs err=Some("connection closed by peer")
[CRASH] id=261 state=f659e0dfe95d7ecd elapsed=46.777µs err=Some("connection closed by peer")
[CRASH] id=263 state=f659e0dfe95d7ecd elapsed=43.187µs err=Some("connection closed by peer")
[CRASH] id=265 state=91b32379f3501477 elapsed=44.021µs err=Some("connection closed by peer")
[CRASH] id=267 state=f659e0dfe95d7ecd elapsed=42.767µs err=Some("connection closed by peer")
[CRASH] id=270 state=0000000000000000 elapsed=11.284µs err=Some("connection closed by peer")
[CRASH] id=273 state=0000000000000000 elapsed=8.676µs err=Some("connection closed by peer")
[CRASH] id=276 state=0000000000000000 elapsed=10.867µs err=Some("connection closed by peer")
[CRASH] id=278 state=f659e0dfe95d7ecd elapsed=43.938µs err=Some("connection closed by peer")
[CRASH] id=280 state=91b32379f3501477 elapsed=44.589µs err=Some("connection closed by peer")
[CRASH] id=283 state=0000000000000000 elapsed=11.203µs err=Some("connection closed by peer")
[CRASH] id=286 state=0000000000000000 elapsed=11.088µs err=Some("connection closed by peer")
[CRASH] id=289 state=0000000000000000 elapsed=11.488µs err=Some("connection closed by peer")
[CRASH] id=291 state=f659e0dfe95d7ecd elapsed=48.625µs err=Some("connection closed by peer")
[CRASH] id=293 state=f659e0dfe95d7ecd elapsed=43.729µs err=Some("connection closed by peer")
[CRASH] id=296 state=0000000000000000 elapsed=10.994µs err=Some("connection closed by peer")
[CRASH] id=299 state=0000000000000000 elapsed=11.516µs err=Some("connection closed by peer")
[CRASH] id=302 state=0000000000000000 elapsed=11.264µs err=Some("connection closed by peer")
[CRASH] id=305 state=91b32379f3501477 elapsed=66.053µs err=Some("connection closed by peer")
[FIND] id=307 new_state=false new_cov=true codes=[221] resp0=32323120476f6f646279650d0a
[CRASH] id=309 state=0000000000000000 elapsed=18.204µs err=Some("connection closed by peer")
[CRASH] id=311 state=91b32379f3501477 elapsed=47.798µs err=Some("connection closed by peer")
[CRASH] id=314 state=0000000000000000 elapsed=11.579µs err=Some("connection closed by peer")
[CRASH] id=317 state=0000000000000000 elapsed=11.017µs err=Some("connection closed by peer")
[CRASH] id=318 state=f659e0dfe95d7ecd elapsed=48.043µs err=Some("connection closed by peer")
[CRASH] id=321 state=0000000000000000 elapsed=10.913µs err=Some("connection closed by peer")
[CRASH] id=323 state=0000000000000000 elapsed=11.206µs err=Some("connection closed by peer")
[CRASH] id=326 state=0000000000000000 elapsed=11.037µs err=Some("connection closed by peer")
[CRASH] id=329 state=0000000000000000 elapsed=11.32µs err=Some("connection closed by peer")
[CRASH] id=332 state=0000000000000000 elapsed=11.091µs err=Some("connection closed by peer")
[CRASH] id=335 state=0000000000000000 elapsed=11.095µs err=Some("connection closed by peer")
[CRASH] id=338 state=0000000000000000 elapsed=11.937µs err=Some("connection closed by peer")
[CRASH] id=340 state=91b32379f3501477 elapsed=47.3µs err=Some("connection closed by peer")
[CRASH] id=343 state=0000000000000000 elapsed=8.38µs err=Some("connection closed by peer")
[CRASH] id=344 state=f659e0dfe95d7ecd elapsed=42.461µs err=Some("connection closed by peer")
[CRASH] id=346 state=91b32379f3501477 elapsed=45.085µs err=Some("connection closed by peer")
[CRASH] id=348 state=7dd79257efe6505f elapsed=47.044µs err=Some("connection closed by peer")
[CRASH] id=350 state=7dd79257efe6505f elapsed=44.209µs err=Some("connection closed by peer")
[CRASH] id=353 state=0000000000000000 elapsed=12.575µs err=Some("connection closed by peer")
[FIND] id=355 new_state=false new_cov=true codes=[230] resp0=323330204c6f67696e20737563636573…
[FIND] id=357 new_state=false new_cov=true codes=[221] resp0=32323120476f6f646279650d0a
[CRASH] id=359 state=0000000000000000 elapsed=11.418µs err=Some("connection closed by peer")
[CRASH] id=362 state=0000000000000000 elapsed=11.1µs err=Some("connection closed by peer")
[CRASH] id=364 state=f659e0dfe95d7ecd elapsed=42.186µs err=Some("connection closed by peer")
[CRASH] id=366 state=e08209387fdf5b15 elapsed=48.774µs err=Some("connection closed by peer")
[FIND] id=368 new_state=false new_cov=true codes=[220] resp0=32323020437261736861626c65205465…
[CRASH] id=370 state=0000000000000000 elapsed=16.749µs err=Some("connection closed by peer")
[CRASH] id=373 state=0000000000000000 elapsed=9.663µs err=Some("connection closed by peer")
[CRASH] id=376 state=0000000000000000 elapsed=11.463µs err=Some("connection closed by peer")
[CRASH] id=378 state=91b32379f3501477 elapsed=48.795µs err=Some("connection closed by peer")
[CRASH] id=381 state=0000000000000000 elapsed=8.46µs err=Some("connection closed by peer")
[CRASH] id=383 state=f659e0dfe95d7ecd elapsed=45.471µs err=Some("connection closed by peer")
[CRASH] id=386 state=0000000000000000 elapsed=8.822µs err=Some("connection closed by peer")
[CRASH] id=389 state=0000000000000000 elapsed=11.178µs err=Some("connection closed by peer")
[CRASH] id=391 state=91b32379f3501477 elapsed=44.32µs err=Some("connection closed by peer")
[CRASH] id=393 state=91b32379f3501477 elapsed=45.046µs err=Some("connection closed by peer")
[CRASH] id=396 state=0000000000000000 elapsed=10.694µs err=Some("connection closed by peer")
[CRASH] id=397 state=91b32379f3501477 elapsed=44.989µs err=Some("connection closed by peer")
[CRASH] id=399 state=f659e0dfe95d7ecd elapsed=42.945µs err=Some("connection closed by peer")
[CRASH] id=401 state=f659e0dfe95d7ecd elapsed=42.91µs err=Some("connection closed by peer")
[CRASH] id=404 state=0000000000000000 elapsed=10.386µs err=Some("connection closed by peer")
[CRASH] id=406 state=f659e0dfe95d7ecd elapsed=61.328µs err=Some("connection closed by peer")
[CRASH] id=408 state=f659e0dfe95d7ecd elapsed=41.735µs err=Some("connection closed by peer")
[CRASH] id=410 state=91b32379f3501477 elapsed=45.219µs err=Some("connection closed by peer")
[CRASH] id=414 state=0000000000000000 elapsed=10.025µs err=Some("connection closed by peer")
[CRASH] id=416 state=f659e0dfe95d7ecd elapsed=46.408µs err=Some("connection closed by peer")
[CRASH] id=419 state=0000000000000000 elapsed=12.796µs err=Some("connection closed by peer")
[CRASH] id=422 state=0000000000000000 elapsed=8.739µs err=Some("connection closed by peer")
[CRASH] id=424 state=91b32379f3501477 elapsed=45.106µs err=Some("connection closed by peer")
[CRASH] id=427 state=0000000000000000 elapsed=10.468µs err=Some("connection closed by peer")
[CRASH] id=430 state=0000000000000000 elapsed=8.551µs err=Some("connection closed by peer")
[CRASH] id=432 state=91b32379f3501477 elapsed=158.596µs err=Some("connection closed by peer")
[CRASH] id=435 state=0000000000000000 elapsed=12.837µs err=Some("connection closed by peer")
[CRASH] id=437 state=91b32379f3501477 elapsed=96.704µs err=Some("connection closed by peer")
[CRASH] id=440 state=0000000000000000 elapsed=10.998µs err=Some("connection closed by peer")
[CRASH] id=443 state=0000000000000000 elapsed=13.143µs err=Some("connection closed by peer")
[CRASH] id=445 state=7dd79257efe6505f elapsed=49.659µs err=Some("connection closed by peer")
[CRASH] id=447 state=f659e0dfe95d7ecd elapsed=43.792µs err=Some("connection closed by peer")
[CRASH] id=449 state=91b32379f3501477 elapsed=44.38µs err=Some("connection closed by peer")
[CRASH] id=451 state=f659e0dfe95d7ecd elapsed=47.967µs err=Some("connection closed by peer")
[CRASH] id=454 state=0000000000000000 elapsed=11.613µs err=Some("connection closed by peer")
[CRASH] id=456 state=91b32379f3501477 elapsed=64.61µs err=Some("connection closed by peer")
[CRASH] id=459 state=0000000000000000 elapsed=11.202µs err=Some("connection closed by peer")
[CRASH] id=462 state=0000000000000000 elapsed=11.617µs err=Some("connection closed by peer")
[CRASH] id=465 state=91b32379f3501477 elapsed=76.559µs err=Some("connection closed by peer")
[CRASH] id=468 state=0000000000000000 elapsed=8.527µs err=Some("connection closed by peer")
[CRASH] id=470 state=f659e0dfe95d7ecd elapsed=41.349µs err=Some("connection closed by peer")
[CRASH] id=473 state=0000000000000000 elapsed=11.207µs err=Some("connection closed by peer")
[CRASH] id=475 state=91b32379f3501477 elapsed=45.99µs err=Some("connection closed by peer")
[CRASH] id=478 state=0000000000000000 elapsed=8.961µs err=Some("connection closed by peer")
[CRASH] id=481 state=0000000000000000 elapsed=8.857µs err=Some("connection closed by peer")
[CRASH] id=484 state=0000000000000000 elapsed=30.879µs err=Some("connection closed by peer")
[CRASH] id=485 state=91b32379f3501477 elapsed=94.155µs err=Some("connection closed by peer")
[CRASH] id=487 state=f659e0dfe95d7ecd elapsed=58.046µs err=Some("connection closed by peer")
[CRASH] id=489 state=91b32379f3501477 elapsed=56.07µs err=Some("connection closed by peer")
[CRASH] id=491 state=f659e0dfe95d7ecd elapsed=54.003µs err=Some("connection closed by peer")
[CRASH] id=493 state=f659e0dfe95d7ecd elapsed=52.699µs err=Some("connection closed by peer")
[CRASH] id=496 state=0000000000000000 elapsed=16.577µs err=Some("connection closed by peer")
[CRASH] id=498 state=f659e0dfe95d7ecd elapsed=81.29µs err=Some("connection closed by peer")
[CRASH] id=500 state=91b32379f3501477 elapsed=49.191µs err=Some("connection closed by peer")
[CRASH] id=502 state=91b32379f3501477 elapsed=53.871µs err=Some("connection closed by peer")
[CRASH] id=504 state=91b32379f3501477 elapsed=48.377µs err=Some("connection closed by peer")
[CRASH] id=507 state=0000000000000000 elapsed=11.881µs err=Some("connection closed by peer")
[CRASH] id=509 state=7dd79257efe6505f elapsed=49.281µs err=Some("connection closed by peer")
[CRASH] id=511 state=91b32379f3501477 elapsed=49.411µs err=Some("connection closed by peer")
[CRASH] id=513 state=91b32379f3501477 elapsed=51.43µs err=Some("connection closed by peer")
[CRASH] id=516 state=0000000000000000 elapsed=10.424µs err=Some("connection closed by peer")
[CRASH] id=518 state=f659e0dfe95d7ecd elapsed=47.175µs err=Some("connection closed by peer")
[CRASH] id=520 state=f659e0dfe95d7ecd elapsed=46.134µs err=Some("connection closed by peer")
[CRASH] id=522 state=f659e0dfe95d7ecd elapsed=45.701µs err=Some("connection closed by peer")
[CRASH] id=524 state=f659e0dfe95d7ecd elapsed=46.5µs err=Some("connection closed by peer")
[CRASH] id=526 state=f659e0dfe95d7ecd elapsed=46.023µs err=Some("connection closed by peer")
[CRASH] id=529 state=91b32379f3501477 elapsed=72.296µs err=Some("connection closed by peer")
[CRASH] id=531 state=f659e0dfe95d7ecd elapsed=45.46µs err=Some("connection closed by peer")
[CRASH] id=534 state=0000000000000000 elapsed=9.724µs err=Some("connection closed by peer")
[CRASH] id=537 state=0000000000000000 elapsed=9.753µs err=Some("connection closed by peer")
[CRASH] id=539 state=f659e0dfe95d7ecd elapsed=49.59µs err=Some("connection closed by peer")
[CRASH] id=541 state=f659e0dfe95d7ecd elapsed=49.707µs err=Some("connection closed by peer")
[CRASH] id=543 state=91b32379f3501477 elapsed=140.537µs err=Some("connection closed by peer")
[CRASH] id=546 state=0000000000000000 elapsed=13.507µs err=Some("connection closed by peer")
[CRASH] id=548 state=f659e0dfe95d7ecd elapsed=45.47µs err=Some("connection closed by peer")
[CRASH] id=551 state=0000000000000000 elapsed=8.902µs err=Some("connection closed by peer")
[CRASH] id=554 state=0000000000000000 elapsed=10.53µs err=Some("connection closed by peer")
[CRASH] id=556 state=91b32379f3501477 elapsed=47.913µs err=Some("connection closed by peer")
[CRASH] id=558 state=91b32379f3501477 elapsed=48.778µs err=Some("connection closed by peer")
[CRASH] id=560 state=f659e0dfe95d7ecd elapsed=45.896µs err=Some("connection closed by peer")
[CRASH] id=562 state=91b32379f3501477 elapsed=47.752µs err=Some("connection closed by peer")
[CRASH] id=565 state=0000000000000000 elapsed=8.754µs err=Some("connection closed by peer")
[CRASH] id=567 state=91b32379f3501477 elapsed=47.951µs err=Some("connection closed by peer")
[CRASH] id=569 state=f659e0dfe95d7ecd elapsed=45.216µs err=Some("connection closed by peer")
[CRASH] id=571 state=f659e0dfe95d7ecd elapsed=46.119µs err=Some("connection closed by peer")
[CRASH] id=574 state=0000000000000000 elapsed=9.046µs err=Some("connection closed by peer")
[CRASH] id=576 state=91b32379f3501477 elapsed=47.88µs err=Some("connection closed by peer")
[CRASH] id=579 state=0000000000000000 elapsed=9.959µs err=Some("connection closed by peer")
[CRASH] id=581 state=91b32379f3501477 elapsed=68.634µs err=Some("connection closed by peer")
[CRASH] id=584 state=f659e0dfe95d7ecd elapsed=71.185µs err=Some("connection closed by peer")
[CRASH] id=586 state=0000000000000000 elapsed=11.953µs err=Some("connection closed by peer")
[CRASH] id=589 state=0000000000000000 elapsed=12.873µs err=Some("connection closed by peer")
[FIND] id=591 new_state=true new_cov=true codes=[331] resp0=3333312050617373776f726420726571…
[CRASH] id=593 state=f659e0dfe95d7ecd elapsed=45.997µs err=Some("connection closed by peer")
[CRASH] id=595 state=f659e0dfe95d7ecd elapsed=46.236µs err=Some("connection closed by peer")
[CRASH] id=598 state=0000000000000000 elapsed=10.205µs err=Some("connection closed by peer")
[CRASH] id=601 state=0000000000000000 elapsed=29.233µs err=Some("connection closed by peer")
[CRASH] id=603 state=e08209387fdf5b15 elapsed=54.603µs err=Some("connection closed by peer")
[FIND] id=605 new_state=true new_cov=true codes=[220] resp0=32323020437261736861626c65205465…
[CRASH] id=607 state=91b32379f3501477 elapsed=48.323µs err=Some("connection closed by peer")
[CRASH] id=609 state=91b32379f3501477 elapsed=49.409µs err=Some("connection closed by peer")
[CRASH] id=612 state=0000000000000000 elapsed=9.258µs err=Some("connection closed by peer")
[CRASH] id=614 state=91b32379f3501477 elapsed=51.277µs err=Some("connection closed by peer")
[CRASH] id=617 state=0000000000000000 elapsed=9.835µs err=Some("connection closed by peer")
[CRASH] id=620 state=0000000000000000 elapsed=9.191µs err=Some("connection closed by peer")
[CRASH] id=622 state=91b32379f3501477 elapsed=49.361µs err=Some("connection closed by peer")
[CRASH] id=624 state=f659e0dfe95d7ecd elapsed=71.506µs err=Some("connection closed by peer")
[CRASH] id=626 state=f659e0dfe95d7ecd elapsed=49.52µs err=Some("connection closed by peer")
[CRASH] id=628 state=91b32379f3501477 elapsed=54.133µs err=Some("connection closed by peer")
[CRASH] id=630 state=91b32379f3501477 elapsed=88.65µs err=Some("connection closed by peer")
[CRASH] id=633 state=0000000000000000 elapsed=9.764µs err=Some("connection closed by peer")
[CRASH] id=636 state=0000000000000000 elapsed=9.984µs err=Some("connection closed by peer")
[CRASH] id=638 state=91b32379f3501477 elapsed=70.062µs err=Some("connection closed by peer")
[CRASH] id=640 state=f659e0dfe95d7ecd elapsed=46.813µs err=Some("connection closed by peer")
[CRASH] id=643 state=0000000000000000 elapsed=9.626µs err=Some("connection closed by peer")
[CRASH] id=645 state=f659e0dfe95d7ecd elapsed=48.433µs err=Some("connection closed by peer")
[CRASH] id=647 state=f659e0dfe95d7ecd elapsed=44.892µs err=Some("connection closed by peer")
[CRASH] id=649 state=91b32379f3501477 elapsed=48.296µs err=Some("connection closed by peer")
[CRASH] id=652 state=0000000000000000 elapsed=9.113µs err=Some("connection closed by peer")
[CRASH] id=654 state=91b32379f3501477 elapsed=48.226µs err=Some("connection closed by peer")
[CRASH] id=656 state=91b32379f3501477 elapsed=45.594µs err=Some("connection closed by peer")
[CRASH] id=658 state=91b32379f3501477 elapsed=47.754µs err=Some("connection closed by peer")
[FIND] id=660 new_state=false new_cov=true codes=[331] resp0=3333312050617373776f726420726571…
[CRASH] id=662 state=f659e0dfe95d7ecd elapsed=46.383µs err=Some("connection closed by peer")
[CRASH] id=665 state=0000000000000000 elapsed=12.923µs err=Some("connection closed by peer")
[FIND] id=667 new_state=false new_cov=true codes=[220] resp0=32323020437261736861626c65205465…
[CRASH] id=670 state=0000000000000000 elapsed=9.743µs err=Some("connection closed by peer")
[CRASH] id=672 state=f659e0dfe95d7ecd elapsed=44.749µs err=Some("connection closed by peer")
[CRASH] id=675 state=0000000000000000 elapsed=12.085µs err=Some("connection closed by peer")
[CRASH] id=677 state=91b32379f3501477 elapsed=48.583µs err=Some("connection closed by peer")
[CRASH] id=680 state=0000000000000000 elapsed=8.816µs err=Some("connection closed by peer")
[CRASH] id=682 state=f659e0dfe95d7ecd elapsed=45.434µs err=Some("connection closed by peer")
[CRASH] id=685 state=0000000000000000 elapsed=9.426µs err=Some("connection closed by peer")
[CRASH] id=687 state=4c785b0fc471ed03 elapsed=47.53µs err=Some("connection closed by peer")
[CRASH] id=689 state=f659e0dfe95d7ecd elapsed=47.707µs err=Some("connection closed by peer")
[CRASH] id=691 state=91b32379f3501477 elapsed=47.18µs err=Some("connection closed by peer")
[CRASH] id=694 state=f659e0dfe95d7ecd elapsed=67.02µs err=Some("connection closed by peer")
[CRASH] id=696 state=f659e0dfe95d7ecd elapsed=45.026µs err=Some("connection closed by peer")
[CRASH] id=699 state=0000000000000000 elapsed=8.587µs err=Some("connection closed by peer")
[CRASH] id=701 state=f659e0dfe95d7ecd elapsed=69.256µs err=Some("connection closed by peer")
[CRASH] id=703 state=91b32379f3501477 elapsed=52.646µs err=Some("connection closed by peer")
[CRASH] id=706 state=0000000000000000 elapsed=11.862µs err=Some("connection closed by peer")
[CRASH] id=708 state=91b32379f3501477 elapsed=51.696µs err=Some("connection closed by peer")
[CRASH] id=710 state=91b32379f3501477 elapsed=90.557µs err=Some("connection closed by peer")
[CRASH] id=712 state=f659e0dfe95d7ecd elapsed=92.543µs err=Some("connection closed by peer")
[CRASH] id=715 state=0000000000000000 elapsed=9.837µs err=Some("connection closed by peer")
[CRASH] id=718 state=0000000000000000 elapsed=12.75µs err=Some("connection closed by peer")
[CRASH] id=720 state=7dd79257efe6505f elapsed=48.906µs err=Some("connection closed by peer")
[CRASH] id=722 state=f659e0dfe95d7ecd elapsed=47.027µs err=Some("connection closed by peer")
[CRASH] id=725 state=0000000000000000 elapsed=9.13µs err=Some("connection closed by peer")
[CRASH] id=727 state=91b32379f3501477 elapsed=57.761µs err=Some("connection closed by peer")
[CRASH] id=730 state=0000000000000000 elapsed=8.932µs err=Some("connection closed by peer")
[CRASH] id=733 state=0000000000000000 elapsed=11.762µs err=Some("connection closed by peer")
[CRASH] id=735 state=91b32379f3501477 elapsed=60.096µs err=Some("connection closed by peer")
[FIND] id=738 new_state=false new_cov=true codes=[331] resp0=3333312050617373776f726420726571…
[CRASH] id=740 state=91b32379f3501477 elapsed=46.578µs err=Some("connection closed by peer")
[CRASH] id=743 state=0000000000000000 elapsed=9.284µs err=Some("connection closed by peer")
[CRASH] id=746 state=f659e0dfe95d7ecd elapsed=45.891µs err=Some("connection closed by peer")
[CRASH] id=748 state=f659e0dfe95d7ecd elapsed=59.358µs err=Some("connection closed by peer")
[CRASH] id=752 state=0000000000000000 elapsed=9.119µs err=Some("connection closed by peer")
[CRASH] id=754 state=91b32379f3501477 elapsed=47.813µs err=Some("connection closed by peer")
[CRASH] id=758 state=91b32379f3501477 elapsed=48.183µs err=Some("connection closed by peer")
[CRASH] id=761 state=0000000000000000 elapsed=9.187µs err=Some("connection closed by peer")
[CRASH] id=764 state=0000000000000000 elapsed=11.4µs err=Some("connection closed by peer")
[CRASH] id=765 state=91b32379f3501477 elapsed=83.787µs err=Some("connection closed by peer")
[CRASH] id=767 state=f659e0dfe95d7ecd elapsed=46.596µs err=Some("connection closed by peer")
[CRASH] id=770 state=0000000000000000 elapsed=12.41µs err=Some("connection closed by peer")
[CRASH] id=772 state=91b32379f3501477 elapsed=47.545µs err=Some("connection closed by peer")
[CRASH] id=775 state=0000000000000000 elapsed=11.765µs err=Some("connection closed by peer")
[CRASH] id=778 state=0000000000000000 elapsed=12.699µs err=Some("connection closed by peer")
[CRASH] id=780 state=91b32379f3501477 elapsed=46.506µs err=Some("connection closed by peer")
[CRASH] id=782 state=f659e0dfe95d7ecd elapsed=46.119µs err=Some("connection closed by peer")
[CRASH] id=784 state=91b32379f3501477 elapsed=50.457µs err=Some("connection closed by peer")
[CRASH] id=786 state=f659e0dfe95d7ecd elapsed=47.348µs err=Some("connection closed by peer")
[CRASH] id=789 state=0000000000000000 elapsed=9.41µs err=Some("connection closed by peer")
[CRASH] id=791 state=91b32379f3501477 elapsed=57.512µs err=Some("connection closed by peer")
[CRASH] id=793 state=91b32379f3501477 elapsed=100.278µs err=Some("connection closed by peer")
[CRASH] id=795 state=91b32379f3501477 elapsed=52.884µs err=Some("connection closed by peer")
[CRASH] id=798 state=0000000000000000 elapsed=9.353µs err=Some("connection closed by peer")
[CRASH] id=801 state=0000000000000000 elapsed=8.472µs err=Some("connection closed by peer")
[CRASH] id=803 state=91b32379f3501477 elapsed=48.707µs err=Some("connection closed by peer")
[CRASH] id=805 state=91b32379f3501477 elapsed=57.14µs err=Some("connection closed by peer")
[CRASH] id=807 state=f659e0dfe95d7ecd elapsed=45.127µs err=Some("connection closed by peer")
[CRASH] id=809 state=91b32379f3501477 elapsed=102.212µs err=Some("connection closed by peer")
[CRASH] id=812 state=91b32379f3501477 elapsed=71.379µs err=Some("connection closed by peer")
[FIND] id=814 new_state=false new_cov=true codes=[220] resp0=32323020437261736861626c65205465…
[CRASH] id=816 state=91b32379f3501477 elapsed=58.562µs err=Some("connection closed by peer")
[CRASH] id=818 state=f659e0dfe95d7ecd elapsed=45.432µs err=Some("connection closed by peer")
[CRASH] id=821 state=0000000000000000 elapsed=8.984µs err=Some("connection closed by peer")
[CRASH] id=823 state=f659e0dfe95d7ecd elapsed=46.797µs err=Some("connection closed by peer")
[CRASH] id=825 state=91b32379f3501477 elapsed=66.699µs err=Some("connection closed by peer")
[CRASH] id=827 state=91b32379f3501477 elapsed=48.881µs err=Some("connection closed by peer")
[CRASH] id=829 state=91b32379f3501477 elapsed=48.599µs err=Some("connection closed by peer")
[CRASH] id=831 state=f659e0dfe95d7ecd elapsed=45.865µs err=Some("connection closed by peer")
[FIND] id=833 new_state=false new_cov=true codes=[220] resp0=32323020437261736861626c65205465…
[CRASH] id=835 state=7dd79257efe6505f elapsed=46.135µs err=Some("connection closed by peer")
[CRASH] id=836 state=91b32379f3501477 elapsed=55.537µs err=Some("connection closed by peer")
[CRASH] id=838 state=f659e0dfe95d7ecd elapsed=45.463µs err=Some("connection closed by peer")
[CRASH] id=840 state=91b32379f3501477 elapsed=46.264µs err=Some("connection closed by peer")
[CRASH] id=842 state=91b32379f3501477 elapsed=46.527µs err=Some("connection closed by peer")
[CRASH] id=844 state=91b32379f3501477 elapsed=69.092µs err=Some("connection closed by peer")
[CRASH] id=846 state=91b32379f3501477 elapsed=53.51µs err=Some("connection closed by peer")
[CRASH] id=848 state=91b32379f3501477 elapsed=52.943µs err=Some("connection closed by peer")
[FIND] id=851 new_state=false new_cov=true codes=[230] resp0=323330204c6f67696e20737563636573…
[CRASH] id=853 state=0000000000000000 elapsed=8.584µs err=Some("connection closed by peer")
[CRASH] id=856 state=0000000000000000 elapsed=16.482µs err=Some("connection closed by peer")
[CRASH] id=859 state=0000000000000000 elapsed=8.827µs err=Some("connection closed by peer")
[CRASH] id=861 state=f659e0dfe95d7ecd elapsed=49.02µs err=Some("connection closed by peer")
[CRASH] id=865 state=0000000000000000 elapsed=9.436µs err=Some("connection closed by peer")
[CRASH] id=867 state=7dd79257efe6505f elapsed=51.724µs err=Some("connection closed by peer")
[CRASH] id=868 state=f659e0dfe95d7ecd elapsed=50.005µs err=Some("connection closed by peer")
[CRASH] id=870 state=91b32379f3501477 elapsed=65.291µs err=Some("connection closed by peer")
[CRASH] id=872 state=f659e0dfe95d7ecd elapsed=59.948µs err=Some("connection closed by peer")
[CRASH] id=876 state=0000000000000000 elapsed=9.535µs err=Some("connection closed by peer")
[CRASH] id=878 state=91b32379f3501477 elapsed=48.101µs err=Some("connection closed by peer")
[CRASH] id=880 state=7dd79257efe6505f elapsed=47.614µs err=Some("connection closed by peer")
[CRASH] id=882 state=91b32379f3501477 elapsed=54.492µs err=Some("connection closed by peer")
[CRASH] id=884 state=91b32379f3501477 elapsed=47.255µs err=Some("connection closed by peer")
[CRASH] id=886 state=f659e0dfe95d7ecd elapsed=44.799µs err=Some("connection closed by peer")
[CRASH] id=889 state=0000000000000000 elapsed=9.138µs err=Some("connection closed by peer")
[CRASH] id=892 state=91b32379f3501477 elapsed=47.69µs err=Some("connection closed by peer")
[CRASH] id=894 state=f659e0dfe95d7ecd elapsed=45.556µs err=Some("connection closed by peer")
[CRASH] id=896 state=91b32379f3501477 elapsed=46.249µs err=Some("connection closed by peer")
[CRASH] id=898 state=f659e0dfe95d7ecd elapsed=46.973µs err=Some("connection closed by peer")
[CRASH] id=901 state=91b32379f3501477 elapsed=85.656µs err=Some("connection closed by peer")
[CRASH] id=904 state=0000000000000000 elapsed=8.588µs err=Some("connection closed by peer")
[CRASH] id=906 state=91b32379f3501477 elapsed=46.931µs err=Some("connection closed by peer")
[CRASH] id=909 state=7dd79257efe6505f elapsed=47.796µs err=Some("connection closed by peer")
[CRASH] id=912 state=0000000000000000 elapsed=9.054µs err=Some("connection closed by peer")
[CRASH] id=914 state=91b32379f3501477 elapsed=47.809µs err=Some("connection closed by peer")
[CRASH] id=916 state=91b32379f3501477 elapsed=48.324µs err=Some("connection closed by peer")
[CRASH] id=918 state=7dd79257efe6505f elapsed=67.75µs err=Some("connection closed by peer")
[CRASH] id=920 state=f659e0dfe95d7ecd elapsed=47.152µs err=Some("connection closed by peer")
[CRASH] id=922 state=91b32379f3501477 elapsed=49.368µs err=Some("connection closed by peer")
[CRASH] id=925 state=0000000000000000 elapsed=12.192µs err=Some("connection closed by peer")
[CRASH] id=928 state=0000000000000000 elapsed=8.541µs err=Some("connection closed by peer")
[CRASH] id=930 state=91b32379f3501477 elapsed=56.196µs err=Some("connection closed by peer")
[CRASH] id=932 state=91b32379f3501477 elapsed=47.333µs err=Some("connection closed by peer")
[CRASH] id=935 state=91b32379f3501477 elapsed=68.703µs err=Some("connection closed by peer")
[CRASH] id=939 state=0000000000000000 elapsed=8.89µs err=Some("connection closed by peer")
[CRASH] id=941 state=91b32379f3501477 elapsed=83.276µs err=Some("connection closed by peer")
[CRASH] id=944 state=0000000000000000 elapsed=9.466µs err=Some("connection closed by peer")
[CRASH] id=946 state=f659e0dfe95d7ecd elapsed=50.141µs err=Some("connection closed by peer")
[CRASH] id=948 state=91b32379f3501477 elapsed=49.038µs err=Some("connection closed by peer")
[CRASH] id=950 state=91b32379f3501477 elapsed=47.711µs err=Some("connection closed by peer")
[CRASH] id=952 state=e08209387fdf5b15 elapsed=56.284µs err=Some("connection closed by peer")
[CRASH] id=956 state=91b32379f3501477 elapsed=47.6µs err=Some("connection closed by peer")
[CRASH] id=959 state=0000000000000000 elapsed=9.369µs err=Some("connection closed by peer")
[CRASH] id=961 state=91b32379f3501477 elapsed=48.126µs err=Some("connection closed by peer")
[CRASH] id=963 state=91b32379f3501477 elapsed=48.02µs err=Some("connection closed by peer")
[CRASH] id=965 state=91b32379f3501477 elapsed=48.385µs err=Some("connection closed by peer")
[CRASH] id=967 state=91b32379f3501477 elapsed=47.342µs err=Some("connection closed by peer")
[CRASH] id=969 state=91b32379f3501477 elapsed=47.65µs err=Some("connection closed by peer")
[CRASH] id=972 state=0000000000000000 elapsed=8.506µs err=Some("connection closed by peer")
[CRASH] id=974 state=f659e0dfe95d7ecd elapsed=46.803µs err=Some("connection closed by peer")
[CRASH] id=977 state=0000000000000000 elapsed=9.017µs err=Some("connection closed by peer")
[CRASH] id=979 state=91b32379f3501477 elapsed=48.315µs err=Some("connection closed by peer")
[CRASH] id=981 state=f659e0dfe95d7ecd elapsed=66.099µs err=Some("connection closed by peer")
[CRASH] id=983 state=91b32379f3501477 elapsed=47.473µs err=Some("connection closed by peer")
[CRASH] id=986 state=0000000000000000 elapsed=9.148µs err=Some("connection closed by peer")
[CRASH] id=989 state=f659e0dfe95d7ecd elapsed=67.833µs err=Some("connection closed by peer")
[CRASH] id=990 state=f659e0dfe95d7ecd elapsed=45.67µs err=Some("connection closed by peer")
[CRASH] id=993 state=0000000000000000 elapsed=8.645µs err=Some("connection closed by peer")
[CRASH] id=995 state=7dd79257efe6505f elapsed=47.109µs err=Some("connection closed by peer")
[CRASH] id=997 state=f659e0dfe95d7ecd elapsed=50.254µs err=Some("connection closed by peer")
[CRASH] id=999 state=f659e0dfe95d7ecd elapsed=44.907µs err=Some("connection closed by peer")
[CRASH] id=1002 state=0000000000000000 elapsed=9.002µs err=Some("connection closed by peer")
[CRASH] id=1004 state=91b32379f3501477 elapsed=47.182µs err=Some("connection closed by peer")
[CRASH] id=1007 state=0000000000000000 elapsed=9.069µs err=Some("connection closed by peer")
[CRASH] id=1009 state=91b32379f3501477 elapsed=47.092µs err=Some("connection closed by peer")
[CRASH] id=1011 state=91b32379f3501477 elapsed=46.472µs err=Some("connection closed by peer")
[CRASH] id=1013 state=91b32379f3501477 elapsed=47.625µs err=Some("connection closed by peer")
[CRASH] id=1016 state=0000000000000000 elapsed=8.856µs err=Some("connection closed by peer")
[CRASH] id=1018 state=f659e0dfe95d7ecd elapsed=46.302µs err=Some("connection closed by peer")
[CRASH] id=1020 state=91b32379f3501477 elapsed=48.662µs err=Some("connection closed by peer")
[CRASH] id=1022 state=f659e0dfe95d7ecd elapsed=52.016µs err=Some("connection closed by peer")
[CRASH] id=1025 state=0000000000000000 elapsed=8.81µs err=Some("connection closed by peer")
[CRASH] id=1027 state=91b32379f3501477 elapsed=52.076µs err=Some("connection closed by peer")
[CRASH] id=1029 state=f659e0dfe95d7ecd elapsed=48.433µs err=Some("connection closed by peer")
[CRASH] id=1031 state=0000000000000000 elapsed=9.079µs err=Some("connection closed by peer")
[CRASH] id=1033 state=91b32379f3501477 elapsed=48.213µs err=Some("connection closed by peer")
[CRASH] id=1037 state=91b32379f3501477 elapsed=47.841µs err=Some("connection closed by peer")
[CRASH] id=1039 state=91b32379f3501477 elapsed=75.673µs err=Some("connection closed by peer")
[CRASH] id=1041 state=91b32379f3501477 elapsed=63.896µs err=Some("connection closed by peer")
[CRASH] id=1043 state=91b32379f3501477 elapsed=51.012µs err=Some("connection closed by peer")
[CRASH] id=1046 state=91b32379f3501477 elapsed=47.791µs err=Some("connection closed by peer")
[CRASH] id=1048 state=f659e0dfe95d7ecd elapsed=45.716µs err=Some("connection closed by peer")
[CRASH] id=1051 state=91b32379f3501477 elapsed=69.985µs err=Some("connection closed by peer")
[CRASH] id=1053 state=f659e0dfe95d7ecd elapsed=50.305µs err=Some("connection closed by peer")
[CRASH] id=1055 state=f659e0dfe95d7ecd elapsed=44.86µs err=Some("connection closed by peer")
[CRASH] id=1057 state=91b32379f3501477 elapsed=50.881µs err=Some("connection closed by peer")
[CRASH] id=1059 state=91b32379f3501477 elapsed=47.945µs err=Some("connection closed by peer")
[CRASH] id=1061 state=91b32379f3501477 elapsed=46.438µs err=Some("connection closed by peer")
[CRASH] id=1064 state=0000000000000000 elapsed=9.197µs err=Some("connection closed by peer")
[CRASH] id=1067 state=0000000000000000 elapsed=9.104µs err=Some("connection closed by peer")
[CRASH] id=1069 state=91b32379f3501477 elapsed=46.874µs err=Some("connection closed by peer")
[CRASH] id=1072 state=0000000000000000 elapsed=8.748µs err=Some("connection closed by peer")
[CRASH] id=1074 state=91b32379f3501477 elapsed=46.693µs err=Some("connection closed by peer")
[CRASH] id=1076 state=91b32379f3501477 elapsed=47.422µs err=Some("connection closed by peer")
[CRASH] id=1078 state=91b32379f3501477 elapsed=67.413µs err=Some("connection closed by peer")
[CRASH] id=1081 state=0000000000000000 elapsed=9.375µs err=Some("connection closed by peer")
[CRASH] id=1083 state=91b32379f3501477 elapsed=47.706µs err=Some("connection closed by peer")
[CRASH] id=1087 state=0000000000000000 elapsed=8.833µs err=Some("connection closed by peer")
[CRASH] id=1089 state=0000000000000000 elapsed=8.642µs err=Some("connection closed by peer")
[CRASH] id=1091 state=f659e0dfe95d7ecd elapsed=44.995µs err=Some("connection closed by peer")
[CRASH] id=1094 state=0000000000000000 elapsed=8.309µs err=Some("connection closed by peer")
[CRASH] id=1097 state=0000000000000000 elapsed=28.367µs err=Some("connection closed by peer")
[CRASH] id=1099 state=f659e0dfe95d7ecd elapsed=55.071µs err=Some("connection closed by peer")
[CRASH] id=1101 state=91b32379f3501477 elapsed=50.59µs err=Some("connection closed by peer")
[CRASH] id=1105 state=91b32379f3501477 elapsed=82.037µs err=Some("connection closed by peer")
[INFO] === Campaign Summary ===
[STAT] [0.1s] execs: 648 (6264/s) | corpus: 458 | paths: 45 | states: 12 | cov_edges: 22 | crashes: 446 | hangs: 0 | restores: 0 | desock: 468 | nxs_sec: 0 | snap: - | tracker_states: 12 | py_oracle: 0/0
[INFO] Unique states observed: 12
[INFO] Transitions recorded: 44
[INFO] Predictor observations: 647
[INFO] Coverage edges (software): 22
[INFO] Python oracle hits/misses: 0/0
[INFO] Python mutator extra dict: inactive
[INFO] Protocol desocket resets: 468
[INFO] Plugins used: protocol=ftp integrity=ftp oracle=default encryptor=null
