[INFO] Nexsiz v0.1.0 starting
[INFO] Target: 127.0.0.1:2121 (tcp)
[INFO] Plugins: protocol=ftp integrity=ftp oracle=default encryptor=null
[INFO] Coverage provider: null
[INFO] Oracle: default
[INFO] Snapshot provider: process (backend=process)
[INFO] Workers: 1 | Connection reuse: true | Adaptive state: true
[INFO] Protocol model: ftp
[INFO] Loaded 4 unique seeds
[INFO] Reached max_execs limit
[INFO] Shutting down workers…
[FIND] id=5 new_state=true new_cov=false codes=[] resp0=
[FIND] id=7 new_state=false new_cov=true codes=[] resp0=
[FIND] id=355 new_state=true new_cov=true codes=[220] resp0=32323020437261736861626c65205465…
[CRASH] id=357 state=0000000000000000 elapsed=14.464µs err=Some("connection closed by peer")
[WARN] Target process issue (network-observed crash); snapshot=process restoring…
[INFO] Snapshot restore completed (workers will reconnect)
[CRASH] id=360 state=0000000000000000 elapsed=11.035µs err=Some("connection closed by peer")
[WARN] Target process issue (network-observed crash); snapshot=process restoring…
[INFO] Snapshot restore completed (workers will reconnect)
[CRASH] id=363 state=0000000000000000 elapsed=20.2µs err=Some("connection closed by peer")
[WARN] Target process issue (network-observed crash); snapshot=process restoring…
[INFO] Snapshot restore completed (workers will reconnect)
[CRASH] id=366 state=0000000000000000 elapsed=12.957µs err=Some("connection closed by peer")
[WARN] Target process issue (network-observed crash); snapshot=process restoring…
[INFO] Snapshot restore completed (workers will reconnect)
[CRASH] id=369 state=0000000000000000 elapsed=10.649µs err=Some("connection closed by peer")
[WARN] Target process issue (network-observed crash); snapshot=process restoring…
[INFO] Snapshot restore completed (workers will reconnect)
[FIND] id=371 new_state=true new_cov=true codes=[230] resp0=323330204c6f67696e20737563636573…
[CRASH] id=373 state=0000000000000000 elapsed=16.832µs err=Some("connection closed by peer")
[WARN] Target process issue (network-observed crash); snapshot=process restoring…
[INFO] Snapshot restore completed (workers will reconnect)
[CRASH] id=375 state=0000000000000000 elapsed=337.626µs err=Some("connection closed by peer")
[WARN] Target process issue (network-observed crash); snapshot=process restoring…
[INFO] Snapshot restore completed (workers will reconnect)
[INFO] === Campaign Summary ===
[STAT] [3.7s] execs: 726 (194/s) | corpus: 15 | paths: 5 | states: 3 | cov_edges: 0 | crashes: 14 | hangs: 0 | restores: 7 | desock: 8 | nxs_sec: 0 | snap: process | tracker_states: 3 | py_oracle: 0/0
[INFO] Unique states observed: 3
[INFO] Transitions recorded: 5
[INFO] Predictor observations: 725
[INFO] Coverage edges (null): 0
[INFO] Python oracle hits/misses: 0/0
[INFO] Python mutator extra dict: inactive
[INFO] Snapshot provider: process (backend=process) | restores: 7
[INFO] Protocol desocket resets: 8
[INFO] Plugins used: protocol=ftp integrity=ftp oracle=default encryptor=null
