[INFO] Nexsiz v0.1.0 starting
[INFO] Target: 127.0.0.1:2121 (tcp)
[INFO] Plugins: protocol=ftp integrity=ftp oracle=default encryptor=null
[INFO] Coverage provider: null
[INFO] Oracle: default
[INFO] Workers: 1 | Connection reuse: true | Adaptive state: true
[INFO] Protocol model: ftp
[INFO] Loaded 4 unique seeds
[INFO] Reached max_execs limit
[INFO] Shutting down workers…
[FIND] id=5 new_state=true new_cov=true codes=[220] resp0=323230204f4b0d0a
[CRASH] id=7 state=0000000000000000 elapsed=20.786µs err=Some("connection closed by peer")
[FIND] id=9 new_state=false new_cov=true codes=[220] resp0=323230204f4b0d0a
[CRASH] id=11 state=0000000000000000 elapsed=11.207µs err=Some("connection closed by peer")
[CRASH] id=14 state=0000000000000000 elapsed=9.594µs err=Some("connection closed by peer")
[FIND] id=17 new_state=false new_cov=true codes=[220] resp0=323230204f4b0d0a
[CRASH] id=19 state=0000000000000000 elapsed=10.868µs err=Some("connection closed by peer")
[CRASH] id=21 state=8b64a0eb09479449 elapsed=45.031µs err=Some("connection closed by peer")
[CRASH] id=24 state=0000000000000000 elapsed=10.681µs err=Some("connection closed by peer")
[CRASH] id=27 state=0000000000000000 elapsed=10.627µs err=Some("connection closed by peer")
[CRASH] id=30 state=0000000000000000 elapsed=10.343µs err=Some("connection closed by peer")
[CRASH] id=33 state=0000000000000000 elapsed=9.849µs err=Some("connection closed by peer")
[CRASH] id=36 state=0000000000000000 elapsed=10.586µs err=Some("connection closed by peer")
[CRASH] id=39 state=0000000000000000 elapsed=11.242µs err=Some("connection closed by peer")
[CRASH] id=42 state=0000000000000000 elapsed=9.908µs err=Some("connection closed by peer")
[CRASH] id=44 state=8b64a0eb09479449 elapsed=42.764µs err=Some("connection closed by peer")
[CRASH] id=47 state=0000000000000000 elapsed=10.455µs err=Some("connection closed by peer")
[CRASH] id=49 state=8b64a0eb09479449 elapsed=41.462µs err=Some("connection closed by peer")
[CRASH] id=52 state=0000000000000000 elapsed=9.98µs err=Some("connection closed by peer")
[CRASH] id=55 state=0000000000000000 elapsed=13.653µs err=Some("connection closed by peer")
[CRASH] id=59 state=0000000000000000 elapsed=11.669µs err=Some("connection closed by peer")
[CRASH] id=62 state=0000000000000000 elapsed=10.664µs err=Some("connection closed by peer")
[CRASH] id=64 state=8b64a0eb09479449 elapsed=41.179µs err=Some("connection closed by peer")
[CRASH] id=67 state=0000000000000000 elapsed=11.096µs err=Some("connection closed by peer")
[CRASH] id=70 state=0000000000000000 elapsed=11.151µs err=Some("connection closed by peer")
[CRASH] id=73 state=0000000000000000 elapsed=10.705µs err=Some("connection closed by peer")
[CRASH] id=76 state=0000000000000000 elapsed=10.545µs err=Some("connection closed by peer")
[CRASH] id=79 state=0000000000000000 elapsed=10.705µs err=Some("connection closed by peer")
[CRASH] id=81 state=8b64a0eb09479449 elapsed=43.545µs err=Some("connection closed by peer")
[CRASH] id=84 state=0000000000000000 elapsed=10.429µs err=Some("connection closed by peer")
[CRASH] id=87 state=0000000000000000 elapsed=11.224µs err=Some("connection closed by peer")
[CRASH] id=90 state=0000000000000000 elapsed=10.878µs err=Some("connection closed by peer")
[CRASH] id=93 state=0000000000000000 elapsed=10.539µs err=Some("connection closed by peer")
[CRASH] id=96 state=0000000000000000 elapsed=10.708µs err=Some("connection closed by peer")
[CRASH] id=99 state=0000000000000000 elapsed=33.059µs err=Some("connection closed by peer")
[CRASH] id=101 state=8b64a0eb09479449 elapsed=68.912µs err=Some("connection closed by peer")
[CRASH] id=104 state=0000000000000000 elapsed=14.158µs err=Some("connection closed by peer")
[CRASH] id=108 state=0000000000000000 elapsed=14.679µs err=Some("connection closed by peer")
[CRASH] id=111 state=0000000000000000 elapsed=11.339µs err=Some("connection closed by peer")
[CRASH] id=114 state=0000000000000000 elapsed=10.586µs err=Some("connection closed by peer")
[CRASH] id=117 state=0000000000000000 elapsed=11.141µs err=Some("connection closed by peer")
[CRASH] id=120 state=0000000000000000 elapsed=10.097µs err=Some("connection closed by peer")
[CRASH] id=122 state=8b64a0eb09479449 elapsed=91.774µs err=Some("connection closed by peer")
[CRASH] id=125 state=0000000000000000 elapsed=10.852µs err=Some("connection closed by peer")
[CRASH] id=128 state=0000000000000000 elapsed=12.656µs err=Some("connection closed by peer")
[CRASH] id=131 state=0000000000000000 elapsed=11.116µs err=Some("connection closed by peer")
[CRASH] id=134 state=0000000000000000 elapsed=11.173µs err=Some("connection closed by peer")
[CRASH] id=137 state=0000000000000000 elapsed=10.4µs err=Some("connection closed by peer")
[CRASH] id=140 state=0000000000000000 elapsed=11.388µs err=Some("connection closed by peer")
[CRASH] id=143 state=0000000000000000 elapsed=12.006µs err=Some("connection closed by peer")
[CRASH] id=146 state=0000000000000000 elapsed=10.351µs err=Some("connection closed by peer")
[CRASH] id=149 state=0000000000000000 elapsed=11.726µs err=Some("connection closed by peer")
[CRASH] id=151 state=8b64a0eb09479449 elapsed=38.049µs err=Some("connection closed by peer")
[CRASH] id=154 state=0000000000000000 elapsed=13.164µs err=Some("connection closed by peer")
[CRASH] id=155 state=8b64a0eb09479449 elapsed=38.771µs err=Some("connection closed by peer")
[CRASH] id=157 state=8b64a0eb09479449 elapsed=96.386µs err=Some("connection closed by peer")
[CRASH] id=161 state=0000000000000000 elapsed=11.522µs err=Some("connection closed by peer")
[CRASH] id=164 state=0000000000000000 elapsed=10.68µs err=Some("connection closed by peer")
[CRASH] id=167 state=0000000000000000 elapsed=10.723µs err=Some("connection closed by peer")
[CRASH] id=170 state=0000000000000000 elapsed=11.043µs err=Some("connection closed by peer")
[CRASH] id=172 state=8b64a0eb09479449 elapsed=38.085µs err=Some("connection closed by peer")
[CRASH] id=175 state=0000000000000000 elapsed=11.179µs err=Some("connection closed by peer")
[CRASH] id=178 state=0000000000000000 elapsed=13.459µs err=Some("connection closed by peer")
[CRASH] id=180 state=8b64a0eb09479449 elapsed=40.323µs err=Some("connection closed by peer")
[CRASH] id=182 state=8b64a0eb09479449 elapsed=50.755µs err=Some("connection closed by peer")
[CRASH] id=185 state=0000000000000000 elapsed=11.301µs err=Some("connection closed by peer")
[CRASH] id=188 state=0000000000000000 elapsed=11.407µs err=Some("connection closed by peer")
[CRASH] id=191 state=0000000000000000 elapsed=11.067µs err=Some("connection closed by peer")
[CRASH] id=194 state=0000000000000000 elapsed=11.668µs err=Some("connection closed by peer")
[CRASH] id=197 state=0000000000000000 elapsed=8.987µs err=Some("connection closed by peer")
[CRASH] id=200 state=0000000000000000 elapsed=10.847µs err=Some("connection closed by peer")
[CRASH] id=203 state=0000000000000000 elapsed=11.411µs err=Some("connection closed by peer")
[CRASH] id=206 state=0000000000000000 elapsed=10.409µs err=Some("connection closed by peer")
[CRASH] id=210 state=0000000000000000 elapsed=11.889µs err=Some("connection closed by peer")
[CRASH] id=213 state=0000000000000000 elapsed=10.904µs err=Some("connection closed by peer")
[CRASH] id=216 state=0000000000000000 elapsed=11.38µs err=Some("connection closed by peer")
[CRASH] id=219 state=0000000000000000 elapsed=13.809µs err=Some("connection closed by peer")
[CRASH] id=222 state=0000000000000000 elapsed=12.179µs err=Some("connection closed by peer")
[CRASH] id=224 state=8b64a0eb09479449 elapsed=38.172µs err=Some("connection closed by peer")
[CRASH] id=227 state=0000000000000000 elapsed=11.165µs err=Some("connection closed by peer")
[CRASH] id=230 state=0000000000000000 elapsed=10.91µs err=Some("connection closed by peer")
[CRASH] id=232 state=8b64a0eb09479449 elapsed=43.315µs err=Some("connection closed by peer")
[CRASH] id=235 state=0000000000000000 elapsed=11.115µs err=Some("connection closed by peer")
[CRASH] id=238 state=0000000000000000 elapsed=10.742µs err=Some("connection closed by peer")
[CRASH] id=241 state=0000000000000000 elapsed=15.704µs err=Some("connection closed by peer")
[CRASH] id=244 state=0000000000000000 elapsed=8.722µs err=Some("connection closed by peer")
[CRASH] id=247 state=0000000000000000 elapsed=10.636µs err=Some("connection closed by peer")
[CRASH] id=249 state=8b64a0eb09479449 elapsed=37.965µs err=Some("connection closed by peer")
[CRASH] id=252 state=0000000000000000 elapsed=14.857µs err=Some("connection closed by peer")
[CRASH] id=255 state=0000000000000000 elapsed=11.314µs err=Some("connection closed by peer")
[CRASH] id=259 state=0000000000000000 elapsed=12.37µs err=Some("connection closed by peer")
[CRASH] id=262 state=0000000000000000 elapsed=8.482µs err=Some("connection closed by peer")
[CRASH] id=265 state=0000000000000000 elapsed=11.049µs err=Some("connection closed by peer")
[CRASH] id=268 state=0000000000000000 elapsed=8.403µs err=Some("connection closed by peer")
[CRASH] id=271 state=0000000000000000 elapsed=10.822µs err=Some("connection closed by peer")
[CRASH] id=274 state=0000000000000000 elapsed=13.172µs err=Some("connection closed by peer")
[CRASH] id=277 state=0000000000000000 elapsed=17.507µs err=Some("connection closed by peer")
[CRASH] id=280 state=0000000000000000 elapsed=11.912µs err=Some("connection closed by peer")
[CRASH] id=283 state=0000000000000000 elapsed=8.314µs err=Some("connection closed by peer")
[CRASH] id=286 state=0000000000000000 elapsed=8.628µs err=Some("connection closed by peer")
[CRASH] id=289 state=0000000000000000 elapsed=10.463µs err=Some("connection closed by peer")
[CRASH] id=292 state=0000000000000000 elapsed=11.406µs err=Some("connection closed by peer")
[CRASH] id=295 state=0000000000000000 elapsed=11.491µs err=Some("connection closed by peer")
[CRASH] id=298 state=0000000000000000 elapsed=8.214µs err=Some("connection closed by peer")
[CRASH] id=301 state=0000000000000000 elapsed=11.075µs err=Some("connection closed by peer")
[CRASH] id=304 state=0000000000000000 elapsed=11.053µs err=Some("connection closed by peer")
[CRASH] id=308 state=0000000000000000 elapsed=11.572µs err=Some("connection closed by peer")
[CRASH] id=311 state=0000000000000000 elapsed=10.569µs err=Some("connection closed by peer")
[CRASH] id=314 state=0000000000000000 elapsed=11.178µs err=Some("connection closed by peer")
[CRASH] id=317 state=0000000000000000 elapsed=8.265µs err=Some("connection closed by peer")
[CRASH] id=320 state=0000000000000000 elapsed=14.591µs err=Some("connection closed by peer")
[CRASH] id=323 state=0000000000000000 elapsed=13.599µs err=Some("connection closed by peer")
[CRASH] id=326 state=0000000000000000 elapsed=11.651µs err=Some("connection closed by peer")
[CRASH] id=329 state=0000000000000000 elapsed=11.114µs err=Some("connection closed by peer")
[CRASH] id=332 state=0000000000000000 elapsed=8.143µs err=Some("connection closed by peer")
[CRASH] id=334 state=8b64a0eb09479449 elapsed=39.702µs err=Some("connection closed by peer")
[CRASH] id=337 state=0000000000000000 elapsed=11.429µs err=Some("connection closed by peer")
[CRASH] id=340 state=0000000000000000 elapsed=8.012µs err=Some("connection closed by peer")
[CRASH] id=343 state=0000000000000000 elapsed=11.112µs err=Some("connection closed by peer")
[CRASH] id=346 state=0000000000000000 elapsed=11.671µs err=Some("connection closed by peer")
[CRASH] id=349 state=0000000000000000 elapsed=8.555µs err=Some("connection closed by peer")
[CRASH] id=352 state=0000000000000000 elapsed=11.201µs err=Some("connection closed by peer")
[CRASH] id=354 state=8b64a0eb09479449 elapsed=40.078µs err=Some("connection closed by peer")
[CRASH] id=356 state=8b64a0eb09479449 elapsed=45.979µs err=Some("connection closed by peer")
[CRASH] id=359 state=8b64a0eb09479449 elapsed=64.026µs err=Some("connection closed by peer")
[CRASH] id=362 state=0000000000000000 elapsed=10.156µs err=Some("connection closed by peer")
[CRASH] id=365 state=0000000000000000 elapsed=9.726µs err=Some("connection closed by peer")
[CRASH] id=368 state=0000000000000000 elapsed=11.6µs err=Some("connection closed by peer")
[CRASH] id=370 state=8b64a0eb09479449 elapsed=39.232µs err=Some("connection closed by peer")
[CRASH] id=373 state=0000000000000000 elapsed=8.141µs err=Some("connection closed by peer")
[CRASH] id=375 state=8b64a0eb09479449 elapsed=39.94µs err=Some("connection closed by peer")
[CRASH] id=377 state=8b64a0eb09479449 elapsed=43.975µs err=Some("connection closed by peer")
[CRASH] id=380 state=0000000000000000 elapsed=10.854µs err=Some("connection closed by peer")
[CRASH] id=383 state=0000000000000000 elapsed=8.129µs err=Some("connection closed by peer")
[CRASH] id=386 state=0000000000000000 elapsed=9.077µs err=Some("connection closed by peer")
[CRASH] id=389 state=0000000000000000 elapsed=12.968µs err=Some("connection closed by peer")
[CRASH] id=392 state=0000000000000000 elapsed=11.705µs err=Some("connection closed by peer")
[CRASH] id=394 state=8b64a0eb09479449 elapsed=75.743µs err=Some("connection closed by peer")
[CRASH] id=397 state=0000000000000000 elapsed=11.092µs err=Some("connection closed by peer")
[CRASH] id=400 state=0000000000000000 elapsed=11.267µs err=Some("connection closed by peer")
[CRASH] id=403 state=0000000000000000 elapsed=8.325µs err=Some("connection closed by peer")
[CRASH] id=406 state=0000000000000000 elapsed=10.997µs err=Some("connection closed by peer")
[CRASH] id=408 state=8b64a0eb09479449 elapsed=39.392µs err=Some("connection closed by peer")
[CRASH] id=412 state=0000000000000000 elapsed=11.338µs err=Some("connection closed by peer")
[CRASH] id=415 state=0000000000000000 elapsed=12.142µs err=Some("connection closed by peer")
[CRASH] id=418 state=0000000000000000 elapsed=9.054µs err=Some("connection closed by peer")
[CRASH] id=420 state=8b64a0eb09479449 elapsed=42.06µs err=Some("connection closed by peer")
[CRASH] id=423 state=0000000000000000 elapsed=9.092µs err=Some("connection closed by peer")
[CRASH] id=426 state=0000000000000000 elapsed=9.069µs err=Some("connection closed by peer")
[CRASH] id=429 state=0000000000000000 elapsed=14.987µs err=Some("connection closed by peer")
[CRASH] id=431 state=8b64a0eb09479449 elapsed=53.799µs err=Some("connection closed by peer")
[CRASH] id=434 state=0000000000000000 elapsed=11.682µs err=Some("connection closed by peer")
[CRASH] id=437 state=0000000000000000 elapsed=15.444µs err=Some("connection closed by peer")
[CRASH] id=439 state=8b64a0eb09479449 elapsed=65.29µs err=Some("connection closed by peer")
[CRASH] id=441 state=8b64a0eb09479449 elapsed=63.24µs err=Some("connection closed by peer")
[CRASH] id=444 state=0000000000000000 elapsed=10.572µs err=Some("connection closed by peer")
[CRASH] id=447 state=0000000000000000 elapsed=13.342µs err=Some("connection closed by peer")
[CRASH] id=450 state=0000000000000000 elapsed=12.052µs err=Some("connection closed by peer")
[CRASH] id=452 state=8b64a0eb09479449 elapsed=38.861µs err=Some("connection closed by peer")
[CRASH] id=454 state=8b64a0eb09479449 elapsed=38.049µs err=Some("connection closed by peer")
[CRASH] id=457 state=0000000000000000 elapsed=11.098µs err=Some("connection closed by peer")
[CRASH] id=459 state=8b64a0eb09479449 elapsed=39.34µs err=Some("connection closed by peer")
[CRASH] id=463 state=0000000000000000 elapsed=10.843µs err=Some("connection closed by peer")
[CRASH] id=466 state=0000000000000000 elapsed=11.347µs err=Some("connection closed by peer")
[CRASH] id=468 state=8b64a0eb09479449 elapsed=43.201µs err=Some("connection closed by peer")
[CRASH] id=471 state=0000000000000000 elapsed=10.058µs err=Some("connection closed by peer")
[CRASH] id=473 state=0000000000000000 elapsed=12.853µs err=Some("connection closed by peer")
[CRASH] id=475 state=8b64a0eb09479449 elapsed=44.085µs err=Some("connection closed by peer")
[CRASH] id=477 state=8b64a0eb09479449 elapsed=43.152µs err=Some("connection closed by peer")
[CRASH] id=480 state=0000000000000000 elapsed=12.235µs err=Some("connection closed by peer")
[CRASH] id=482 state=0000000000000000 elapsed=11.323µs err=Some("connection closed by peer")
[CRASH] id=485 state=0000000000000000 elapsed=10.905µs err=Some("connection closed by peer")
[CRASH] id=488 state=0000000000000000 elapsed=10.829µs err=Some("connection closed by peer")
[CRASH] id=490 state=0000000000000000 elapsed=11.34µs err=Some("connection closed by peer")
[CRASH] id=492 state=8b64a0eb09479449 elapsed=38.471µs err=Some("connection closed by peer")
[CRASH] id=494 state=8b64a0eb09479449 elapsed=122.133µs err=Some("connection closed by peer")
[CRASH] id=497 state=0000000000000000 elapsed=10.101µs err=Some("connection closed by peer")
[CRASH] id=499 state=8b64a0eb09479449 elapsed=84.632µs err=Some("connection closed by peer")
[CRASH] id=501 state=0000000000000000 elapsed=48.044µs err=Some("connection closed by peer")
[CRASH] id=503 state=8b64a0eb09479449 elapsed=90.893µs err=Some("connection closed by peer")
[CRASH] id=506 state=0000000000000000 elapsed=15.936µs err=Some("connection closed by peer")
[CRASH] id=508 state=8b64a0eb09479449 elapsed=49.968µs err=Some("connection closed by peer")
[CRASH] id=511 state=8b64a0eb09479449 elapsed=99.515µs err=Some("connection closed by peer")
[CRASH] id=514 state=0000000000000000 elapsed=11.481µs err=Some("connection closed by peer")
[CRASH] id=517 state=0000000000000000 elapsed=11.109µs err=Some("connection closed by peer")
[CRASH] id=519 state=8b64a0eb09479449 elapsed=40.189µs err=Some("connection closed by peer")
[CRASH] id=521 state=0000000000000000 elapsed=17.103µs err=Some("connection closed by peer")
[CRASH] id=524 state=0000000000000000 elapsed=9.037µs err=Some("connection closed by peer")
[CRASH] id=527 state=0000000000000000 elapsed=10.984µs err=Some("connection closed by peer")
[CRASH] id=530 state=0000000000000000 elapsed=18.366µs err=Some("connection closed by peer")
[CRASH] id=533 state=0000000000000000 elapsed=10.848µs err=Some("connection closed by peer")
[CRASH] id=536 state=0000000000000000 elapsed=9.698µs err=Some("connection closed by peer")
[CRASH] id=539 state=0000000000000000 elapsed=8.87µs err=Some("connection closed by peer")
[CRASH] id=542 state=0000000000000000 elapsed=8.94µs err=Some("connection closed by peer")
[CRASH] id=545 state=0000000000000000 elapsed=10.586µs err=Some("connection closed by peer")
[CRASH] id=548 state=0000000000000000 elapsed=8.69µs err=Some("connection closed by peer")
[CRASH] id=551 state=0000000000000000 elapsed=13.462µs err=Some("connection closed by peer")
[CRASH] id=554 state=0000000000000000 elapsed=8.566µs err=Some("connection closed by peer")
[CRASH] id=556 state=8b64a0eb09479449 elapsed=43.75µs err=Some("connection closed by peer")
[CRASH] id=559 state=8b64a0eb09479449 elapsed=61.089µs err=Some("connection closed by peer")
[CRASH] id=561 state=8b64a0eb09479449 elapsed=39.986µs err=Some("connection closed by peer")
[CRASH] id=564 state=0000000000000000 elapsed=10.763µs err=Some("connection closed by peer")
[CRASH] id=567 state=0000000000000000 elapsed=10.855µs err=Some("connection closed by peer")
[CRASH] id=570 state=0000000000000000 elapsed=13.146µs err=Some("connection closed by peer")
[CRASH] id=572 state=8b64a0eb09479449 elapsed=39.545µs err=Some("connection closed by peer")
[CRASH] id=575 state=0000000000000000 elapsed=10.799µs err=Some("connection closed by peer")
[CRASH] id=578 state=0000000000000000 elapsed=11.897µs err=Some("connection closed by peer")
[CRASH] id=580 state=8b64a0eb09479449 elapsed=39.748µs err=Some("connection closed by peer")
[CRASH] id=583 state=0000000000000000 elapsed=9.236µs err=Some("connection closed by peer")
[CRASH] id=585 state=8b64a0eb09479449 elapsed=39.632µs err=Some("connection closed by peer")
[CRASH] id=587 state=8b64a0eb09479449 elapsed=41.813µs err=Some("connection closed by peer")
[CRASH] id=590 state=0000000000000000 elapsed=8.985µs err=Some("connection closed by peer")
[CRASH] id=593 state=0000000000000000 elapsed=9.548µs err=Some("connection closed by peer")
[CRASH] id=594 state=8b64a0eb09479449 elapsed=40.217µs err=Some("connection closed by peer")
[CRASH] id=597 state=0000000000000000 elapsed=8.819µs err=Some("connection closed by peer")
[CRASH] id=600 state=0000000000000000 elapsed=9.286µs err=Some("connection closed by peer")
[CRASH] id=602 state=0000000000000000 elapsed=8.956µs err=Some("connection closed by peer")
[CRASH] id=605 state=0000000000000000 elapsed=9.557µs err=Some("connection closed by peer")
[CRASH] id=607 state=8b64a0eb09479449 elapsed=44.066µs err=Some("connection closed by peer")
[CRASH] id=608 state=8b64a0eb09479449 elapsed=40.759µs err=Some("connection closed by peer")
[CRASH] id=612 state=0000000000000000 elapsed=12.094µs err=Some("connection closed by peer")
[CRASH] id=614 state=8b64a0eb09479449 elapsed=66.844µs err=Some("connection closed by peer")
[CRASH] id=616 state=8b64a0eb09479449 elapsed=41.451µs err=Some("connection closed by peer")
[CRASH] id=618 state=8b64a0eb09479449 elapsed=54.15µs err=Some("connection closed by peer")
[CRASH] id=621 state=0000000000000000 elapsed=11.98µs err=Some("connection closed by peer")
[CRASH] id=623 state=8b64a0eb09479449 elapsed=39.859µs err=Some("connection closed by peer")
[CRASH] id=626 state=0000000000000000 elapsed=9.401µs err=Some("connection closed by peer")
[CRASH] id=629 state=0000000000000000 elapsed=12.83µs err=Some("connection closed by peer")
[CRASH] id=631 state=8b64a0eb09479449 elapsed=39.727µs err=Some("connection closed by peer")
[CRASH] id=634 state=0000000000000000 elapsed=9.803µs err=Some("connection closed by peer")
[CRASH] id=637 state=0000000000000000 elapsed=9.997µs err=Some("connection closed by peer")
[CRASH] id=640 state=0000000000000000 elapsed=10.304µs err=Some("connection closed by peer")
[CRASH] id=643 state=0000000000000000 elapsed=9.41µs err=Some("connection closed by peer")
[CRASH] id=646 state=0000000000000000 elapsed=8.562µs err=Some("connection closed by peer")
[CRASH] id=649 state=0000000000000000 elapsed=9.649µs err=Some("connection closed by peer")
[CRASH] id=652 state=0000000000000000 elapsed=12.76µs err=Some("connection closed by peer")
[CRASH] id=654 state=8b64a0eb09479449 elapsed=47.041µs err=Some("connection closed by peer")
[CRASH] id=657 state=0000000000000000 elapsed=11.521µs err=Some("connection closed by peer")
[CRASH] id=659 state=8b64a0eb09479449 elapsed=39.699µs err=Some("connection closed by peer")
[CRASH] id=663 state=0000000000000000 elapsed=22.457µs err=Some("connection closed by peer")
[CRASH] id=665 state=8b64a0eb09479449 elapsed=56.205µs err=Some("connection closed by peer")
[CRASH] id=668 state=0000000000000000 elapsed=8.785µs err=Some("connection closed by peer")
[CRASH] id=671 state=0000000000000000 elapsed=9.904µs err=Some("connection closed by peer")
[CRASH] id=673 state=8b64a0eb09479449 elapsed=91.075µs err=Some("connection closed by peer")
[CRASH] id=676 state=0000000000000000 elapsed=13.39µs err=Some("connection closed by peer")
[CRASH] id=678 state=8b64a0eb09479449 elapsed=137.204µs err=Some("connection closed by peer")
[CRASH] id=681 state=0000000000000000 elapsed=11.497µs err=Some("connection closed by peer")
[CRASH] id=684 state=0000000000000000 elapsed=11.184µs err=Some("connection closed by peer")
[CRASH] id=687 state=0000000000000000 elapsed=9.059µs err=Some("connection closed by peer")
[CRASH] id=689 state=8b64a0eb09479449 elapsed=46.964µs err=Some("connection closed by peer")
[CRASH] id=691 state=8b64a0eb09479449 elapsed=41.329µs err=Some("connection closed by peer")
[CRASH] id=694 state=0000000000000000 elapsed=11.964µs err=Some("connection closed by peer")
[CRASH] id=697 state=0000000000000000 elapsed=14.538µs err=Some("connection closed by peer")
[CRASH] id=699 state=8b64a0eb09479449 elapsed=39.024µs err=Some("connection closed by peer")
[CRASH] id=702 state=0000000000000000 elapsed=10.068µs err=Some("connection closed by peer")
[CRASH] id=704 state=8b64a0eb09479449 elapsed=58.205µs err=Some("connection closed by peer")
[CRASH] id=707 state=0000000000000000 elapsed=13.902µs err=Some("connection closed by peer")
[CRASH] id=709 state=8b64a0eb09479449 elapsed=47.901µs err=Some("connection closed by peer")
[CRASH] id=711 state=8b64a0eb09479449 elapsed=40.758µs err=Some("connection closed by peer")
[CRASH] id=715 state=0000000000000000 elapsed=9.731µs err=Some("connection closed by peer")
[CRASH] id=718 state=0000000000000000 elapsed=10.307µs err=Some("connection closed by peer")
[CRASH] id=721 state=0000000000000000 elapsed=9.307µs err=Some("connection closed by peer")
[CRASH] id=723 state=8b64a0eb09479449 elapsed=42.272µs err=Some("connection closed by peer")
[CRASH] id=726 state=0000000000000000 elapsed=8.974µs err=Some("connection closed by peer")
[CRASH] id=728 state=8b64a0eb09479449 elapsed=39.817µs err=Some("connection closed by peer")
[CRASH] id=731 state=0000000000000000 elapsed=11.639µs err=Some("connection closed by peer")
[CRASH] id=733 state=8b64a0eb09479449 elapsed=48.462µs err=Some("connection closed by peer")
[CRASH] id=736 state=0000000000000000 elapsed=17.928µs err=Some("connection closed by peer")
[CRASH] id=739 state=0000000000000000 elapsed=7.141µs err=Some("connection closed by peer")
[CRASH] id=741 state=8b64a0eb09479449 elapsed=53.611µs err=Some("connection closed by peer")
[CRASH] id=744 state=0000000000000000 elapsed=10.925µs err=Some("connection closed by peer")
[CRASH] id=746 state=8b64a0eb09479449 elapsed=39.874µs err=Some("connection closed by peer")
[CRASH] id=749 state=0000000000000000 elapsed=9.085µs err=Some("connection closed by peer")
[CRASH] id=752 state=0000000000000000 elapsed=11.487µs err=Some("connection closed by peer")
[CRASH] id=754 state=8b64a0eb09479449 elapsed=43.104µs err=Some("connection closed by peer")
[CRASH] id=757 state=0000000000000000 elapsed=8.905µs err=Some("connection closed by peer")
[CRASH] id=760 state=0000000000000000 elapsed=8.29µs err=Some("connection closed by peer")
[CRASH] id=763 state=0000000000000000 elapsed=10.113µs err=Some("connection closed by peer")
[CRASH] id=767 state=0000000000000000 elapsed=9.005µs err=Some("connection closed by peer")
[CRASH] id=769 state=8b64a0eb09479449 elapsed=40.719µs err=Some("connection closed by peer")
[CRASH] id=771 state=8b64a0eb09479449 elapsed=40.08µs err=Some("connection closed by peer")
[CRASH] id=774 state=0000000000000000 elapsed=9.558µs err=Some("connection closed by peer")
[CRASH] id=777 state=0000000000000000 elapsed=9.496µs err=Some("connection closed by peer")
[CRASH] id=780 state=0000000000000000 elapsed=10.678µs err=Some("connection closed by peer")
[CRASH] id=782 state=0000000000000000 elapsed=11.107µs err=Some("connection closed by peer")
[CRASH] id=785 state=0000000000000000 elapsed=9.117µs err=Some("connection closed by peer")
[CRASH] id=788 state=0000000000000000 elapsed=7.636µs err=Some("connection closed by peer")
[CRASH] id=790 state=0000000000000000 elapsed=8.424µs err=Some("connection closed by peer")
[CRASH] id=793 state=0000000000000000 elapsed=54.557µs err=Some("connection closed by peer")
[CRASH] id=796 state=0000000000000000 elapsed=10.046µs err=Some("connection closed by peer")
[CRASH] id=799 state=0000000000000000 elapsed=9.804µs err=Some("connection closed by peer")
[CRASH] id=802 state=0000000000000000 elapsed=9.32µs err=Some("connection closed by peer")
[CRASH] id=804 state=8b64a0eb09479449 elapsed=39.8µs err=Some("connection closed by peer")
[CRASH] id=807 state=0000000000000000 elapsed=10.964µs err=Some("connection closed by peer")
[CRASH] id=810 state=0000000000000000 elapsed=9.281µs err=Some("connection closed by peer")
[CRASH] id=812 state=8b64a0eb09479449 elapsed=41.752µs err=Some("connection closed by peer")
[CRASH] id=816 state=0000000000000000 elapsed=9.396µs err=Some("connection closed by peer")
[CRASH] id=819 state=0000000000000000 elapsed=8.505µs err=Some("connection closed by peer")
[CRASH] id=821 state=0000000000000000 elapsed=10.474µs err=Some("connection closed by peer")
[CRASH] id=823 state=8b64a0eb09479449 elapsed=44.736µs err=Some("connection closed by peer")
[CRASH] id=826 state=0000000000000000 elapsed=9.848µs err=Some("connection closed by peer")
[CRASH] id=829 state=0000000000000000 elapsed=8.63µs err=Some("connection closed by peer")
[CRASH] id=832 state=0000000000000000 elapsed=8.636µs err=Some("connection closed by peer")
[CRASH] id=835 state=0000000000000000 elapsed=12.346µs err=Some("connection closed by peer")
[CRASH] id=836 state=8b64a0eb09479449 elapsed=47.007µs err=Some("connection closed by peer")
[CRASH] id=837 state=8b64a0eb09479449 elapsed=41.268µs err=Some("connection closed by peer")
[CRASH] id=840 state=0000000000000000 elapsed=8.531µs err=Some("connection closed by peer")
[CRASH] id=843 state=0000000000000000 elapsed=8.247µs err=Some("connection closed by peer")
[CRASH] id=846 state=0000000000000000 elapsed=8.894µs err=Some("connection closed by peer")
[CRASH] id=849 state=0000000000000000 elapsed=8.129µs err=Some("connection closed by peer")
[CRASH] id=851 state=0000000000000000 elapsed=9.249µs err=Some("connection closed by peer")
[CRASH] id=854 state=0000000000000000 elapsed=11.021µs err=Some("connection closed by peer")
[CRASH] id=856 state=8b64a0eb09479449 elapsed=37.827µs err=Some("connection closed by peer")
[CRASH] id=858 state=8b64a0eb09479449 elapsed=37.07µs err=Some("connection closed by peer")
[CRASH] id=862 state=0000000000000000 elapsed=9.95µs err=Some("connection closed by peer")
[CRASH] id=864 state=8b64a0eb09479449 elapsed=38.588µs err=Some("connection closed by peer")
[CRASH] id=866 state=8b64a0eb09479449 elapsed=52.566µs err=Some("connection closed by peer")
[CRASH] id=869 state=0000000000000000 elapsed=8.953µs err=Some("connection closed by peer")
[CRASH] id=871 state=0000000000000000 elapsed=8.324µs err=Some("connection closed by peer")
[CRASH] id=874 state=0000000000000000 elapsed=8.486µs err=Some("connection closed by peer")
[CRASH] id=876 state=8b64a0eb09479449 elapsed=38.028µs err=Some("connection closed by peer")
[CRASH] id=878 state=8b64a0eb09479449 elapsed=112.358µs err=Some("connection closed by peer")
[CRASH] id=881 state=0000000000000000 elapsed=8.586µs err=Some("connection closed by peer")
[CRASH] id=884 state=0000000000000000 elapsed=8.812µs err=Some("connection closed by peer")
[CRASH] id=887 state=0000000000000000 elapsed=9.267µs err=Some("connection closed by peer")
[CRASH] id=890 state=0000000000000000 elapsed=8.984µs err=Some("connection closed by peer")
[CRASH] id=891 state=8b64a0eb09479449 elapsed=39.165µs err=Some("connection closed by peer")
[CRASH] id=894 state=0000000000000000 elapsed=13.18µs err=Some("connection closed by peer")
[CRASH] id=896 state=8b64a0eb09479449 elapsed=41.165µs err=Some("connection closed by peer")
[CRASH] id=898 state=8b64a0eb09479449 elapsed=42.972µs err=Some("connection closed by peer")
[CRASH] id=900 state=8b64a0eb09479449 elapsed=43.341µs err=Some("connection closed by peer")
[CRASH] id=901 state=8b64a0eb09479449 elapsed=42.666µs err=Some("connection closed by peer")
[CRASH] id=904 state=0000000000000000 elapsed=9.977µs err=Some("connection closed by peer")
[CRASH] id=906 state=8b64a0eb09479449 elapsed=39.506µs err=Some("connection closed by peer")
[CRASH] id=909 state=0000000000000000 elapsed=8.485µs err=Some("connection closed by peer")
[CRASH] id=912 state=8b64a0eb09479449 elapsed=58.741µs err=Some("connection closed by peer")
[CRASH] id=915 state=0000000000000000 elapsed=8.062µs err=Some("connection closed by peer")
[CRASH] id=916 state=8b64a0eb09479449 elapsed=45.764µs err=Some("connection closed by peer")
[CRASH] id=919 state=0000000000000000 elapsed=9.897µs err=Some("connection closed by peer")
[CRASH] id=922 state=0000000000000000 elapsed=7.693µs err=Some("connection closed by peer")
[CRASH] id=924 state=8b64a0eb09479449 elapsed=38.84µs err=Some("connection closed by peer")
[CRASH] id=927 state=0000000000000000 elapsed=8.545µs err=Some("connection closed by peer")
[CRASH] id=930 state=0000000000000000 elapsed=8.724µs err=Some("connection closed by peer")
[CRASH] id=932 state=0000000000000000 elapsed=9.176µs err=Some("connection closed by peer")
[CRASH] id=935 state=0000000000000000 elapsed=8.734µs err=Some("connection closed by peer")
[CRASH] id=937 state=8b64a0eb09479449 elapsed=34.74µs err=Some("connection closed by peer")
[CRASH] id=939 state=8b64a0eb09479449 elapsed=40.108µs err=Some("connection closed by peer")
[CRASH] id=941 state=8b64a0eb09479449 elapsed=55.791µs err=Some("connection closed by peer")
[CRASH] id=944 state=0000000000000000 elapsed=9.23µs err=Some("connection closed by peer")
[CRASH] id=947 state=0000000000000000 elapsed=14.406µs err=Some("connection closed by peer")
[CRASH] id=950 state=0000000000000000 elapsed=9.484µs err=Some("connection closed by peer")
[CRASH] id=953 state=0000000000000000 elapsed=9.072µs err=Some("connection closed by peer")
[CRASH] id=955 state=0000000000000000 elapsed=9.307µs err=Some("connection closed by peer")
[CRASH] id=957 state=8b64a0eb09479449 elapsed=39.11µs err=Some("connection closed by peer")
[CRASH] id=958 state=8b64a0eb09479449 elapsed=39.555µs err=Some("connection closed by peer")
[CRASH] id=962 state=0000000000000000 elapsed=9.783µs err=Some("connection closed by peer")
[CRASH] id=965 state=0000000000000000 elapsed=8.87µs err=Some("connection closed by peer")
[CRASH] id=967 state=8b64a0eb09479449 elapsed=53.687µs err=Some("connection closed by peer")
[CRASH] id=969 state=8b64a0eb09479449 elapsed=38.163µs err=Some("connection closed by peer")
[CRASH] id=971 state=0000000000000000 elapsed=9.2µs err=Some("connection closed by peer")
[CRASH] id=973 state=0000000000000000 elapsed=8.586µs err=Some("connection closed by peer")
[CRASH] id=976 state=0000000000000000 elapsed=9.668µs err=Some("connection closed by peer")
[CRASH] id=979 state=0000000000000000 elapsed=11.268µs err=Some("connection closed by peer")
[CRASH] id=982 state=0000000000000000 elapsed=15.169µs err=Some("connection closed by peer")
[CRASH] id=984 state=8b64a0eb09479449 elapsed=121.474µs err=Some("connection closed by peer")
[CRASH] id=987 state=0000000000000000 elapsed=31.266µs err=Some("connection closed by peer")
[CRASH] id=989 state=8b64a0eb09479449 elapsed=43.598µs err=Some("connection closed by peer")
[CRASH] id=992 state=0000000000000000 elapsed=8.194µs err=Some("connection closed by peer")
[CRASH] id=994 state=0000000000000000 elapsed=9.968µs err=Some("connection closed by peer")
[CRASH] id=996 state=0000000000000000 elapsed=11.756µs err=Some("connection closed by peer")
[CRASH] id=999 state=0000000000000000 elapsed=9.175µs err=Some("connection closed by peer")
[CRASH] id=1001 state=8b64a0eb09479449 elapsed=59.923µs err=Some("connection closed by peer")
[CRASH] id=1004 state=0000000000000000 elapsed=16.075µs err=Some("connection closed by peer")
[CRASH] id=1005 state=8b64a0eb09479449 elapsed=54.741µs err=Some("connection closed by peer")
[CRASH] id=1008 state=0000000000000000 elapsed=9.634µs err=Some("connection closed by peer")
[CRASH] id=1010 state=8b64a0eb09479449 elapsed=37.148µs err=Some("connection closed by peer")
[CRASH] id=1013 state=0000000000000000 elapsed=8.744µs err=Some("connection closed by peer")
[CRASH] id=1016 state=0000000000000000 elapsed=9.613µs err=Some("connection closed by peer")
[CRASH] id=1018 state=8b64a0eb09479449 elapsed=38.99µs err=Some("connection closed by peer")
[CRASH] id=1021 state=0000000000000000 elapsed=8.767µs err=Some("connection closed by peer")
[CRASH] id=1024 state=0000000000000000 elapsed=10.117µs err=Some("connection closed by peer")
[CRASH] id=1026 state=0000000000000000 elapsed=10.877µs err=Some("connection closed by peer")
[CRASH] id=1028 state=8b64a0eb09479449 elapsed=52.026µs err=Some("connection closed by peer")
[CRASH] id=1031 state=0000000000000000 elapsed=11.738µs err=Some("connection closed by peer")
[CRASH] id=1033 state=8b64a0eb09479449 elapsed=41.558µs err=Some("connection closed by peer")
[CRASH] id=1035 state=8b64a0eb09479449 elapsed=40.334µs err=Some("connection closed by peer")
[CRASH] id=1037 state=8b64a0eb09479449 elapsed=40.189µs err=Some("connection closed by peer")
[CRASH] id=1039 state=0000000000000000 elapsed=9.246µs err=Some("connection closed by peer")
[CRASH] id=1042 state=0000000000000000 elapsed=8.946µs err=Some("connection closed by peer")
[CRASH] id=1044 state=8b64a0eb09479449 elapsed=42.803µs err=Some("connection closed by peer")
[CRASH] id=1047 state=0000000000000000 elapsed=8.856µs err=Some("connection closed by peer")
[CRASH] id=1050 state=0000000000000000 elapsed=8.49µs err=Some("connection closed by peer")
[CRASH] id=1052 state=8b64a0eb09479449 elapsed=43.862µs err=Some("connection closed by peer")
[CRASH] id=1055 state=0000000000000000 elapsed=8.119µs err=Some("connection closed by peer")
[CRASH] id=1057 state=8b64a0eb09479449 elapsed=65.365µs err=Some("connection closed by peer")
[INFO] === Campaign Summary ===
[STAT] [0.1s] execs: 691 (7530/s) | corpus: 367 | paths: 4 | states: 2 | cov_edges: 0 | crashes: 392 | hangs: 0 | restores: 0 | desock: 393 | nxs_sec: 0 | snap: - | tracker_states: 2 | py_oracle: 0/0
[INFO] Unique states observed: 2
[INFO] Transitions recorded: 3
[INFO] Predictor observations: 690
[INFO] Coverage edges (null): 0
[INFO] Python oracle hits/misses: 0/0
[INFO] Python mutator extra dict: inactive
[INFO] Protocol desocket resets: 393
[INFO] Plugins used: protocol=ftp integrity=ftp oracle=default encryptor=null
