[INFO] Nexsiz v0.1.0 starting
[INFO] Target: 127.0.0.1:2121 (tcp)
[INFO] Plugins: protocol=ftp integrity=ftp oracle=default encryptor=null
[INFO] Coverage provider: map+shm
[INFO] Oracle: default
[INFO] Process monitor active: python3 /home/workdir/artifacts/nexsiz-test/crashable_server.py 2121
[INFO] Workers: 1 | Connection reuse: true | Adaptive state: true
[INFO] Protocol model: ftp
[INFO] Loaded 4 unique seeds
[FIND] id=5 new_state=true new_cov=true codes=[] resp0=
[FIND] id=7 new_state=false new_cov=true codes=[] resp0=
[INFO] Reached max_execs limit
[INFO] Shutting down workers…
[FIND] id=140 new_state=true new_cov=true codes=[331] resp0=3333312050617373776f726420726571…
[CRASH] id=142 state=0000000000000000 elapsed=15.53µs err=Some("connection closed by peer")
[FIND] id=144 new_state=true new_cov=true codes=[220] resp0=32323020437261736861626c65205465…
[CRASH] id=146 state=0000000000000000 elapsed=10.589µs err=Some("connection closed by peer")
[CRASH] id=149 state=0000000000000000 elapsed=8.799µs err=Some("connection closed by peer")
[CRASH] id=152 state=0000000000000000 elapsed=8.674µs err=Some("connection closed by peer")
[CRASH] id=155 state=0000000000000000 elapsed=8.548µs err=Some("connection closed by peer")
[CRASH] id=157 state=f659e0dfe95d7ecd elapsed=150.334µs err=Some("connection closed by peer")
[FIND] id=159 new_state=false new_cov=true codes=[220] resp0=32323020437261736861626c65205465…
[CRASH] id=161 state=0000000000000000 elapsed=10.158µs err=Some("connection closed by peer")
[CRASH] id=164 state=0000000000000000 elapsed=8.43µs err=Some("connection closed by peer")
[CRASH] id=167 state=0000000000000000 elapsed=9.47µs err=Some("connection closed by peer")
[CRASH] id=170 state=0000000000000000 elapsed=10.564µs err=Some("connection closed by peer")
[CRASH] id=172 state=f659e0dfe95d7ecd elapsed=74.714µs err=Some("connection closed by peer")
[CRASH] id=174 state=f659e0dfe95d7ecd elapsed=76.726µs err=Some("connection closed by peer")
[FIND] id=176 new_state=false new_cov=true codes=[331] resp0=3333312050617373776f726420726571…
[CRASH] id=178 state=0000000000000000 elapsed=10.323µs err=Some("connection closed by peer")
[FIND] id=180 new_state=true new_cov=true codes=[221] resp0=32323120476f6f646279650d0a
[CRASH] id=182 state=0000000000000000 elapsed=7.71µs err=Some("connection closed by peer")
[CRASH] id=184 state=f659e0dfe95d7ecd elapsed=70.181µs err=Some("connection closed by peer")
[FIND] id=186 new_state=true new_cov=true codes=[230] resp0=323330204c6f67696e20737563636573…
[CRASH] id=188 state=0000000000000000 elapsed=7.914µs err=Some("connection closed by peer")
[CRASH] id=191 state=0000000000000000 elapsed=8.032µs err=Some("connection closed by peer")
[FIND] id=194 new_state=false new_cov=true codes=[331] resp0=3333312050617373776f726420726571…
[CRASH] id=196 state=0000000000000000 elapsed=7.998µs err=Some("connection closed by peer")
[CRASH] id=199 state=0000000000000000 elapsed=7.738µs err=Some("connection closed by peer")
[CRASH] id=202 state=0000000000000000 elapsed=8.055µs err=Some("connection closed by peer")
[CRASH] id=204 state=f659e0dfe95d7ecd elapsed=63.958µs err=Some("connection closed by peer")
[CRASH] id=206 state=0000000000000000 elapsed=7.639µs err=Some("connection closed by peer")
[CRASH] id=208 state=f659e0dfe95d7ecd elapsed=97.352µs err=Some("connection closed by peer")
[CRASH] id=211 state=0000000000000000 elapsed=11.929µs err=Some("connection closed by peer")
[CRASH] id=213 state=0000000000000000 elapsed=8.939µs err=Some("connection closed by peer")
[CRASH] id=216 state=0000000000000000 elapsed=9.895µs err=Some("connection closed by peer")
[CRASH] id=219 state=0000000000000000 elapsed=7.93µs err=Some("connection closed by peer")
[CRASH] id=221 state=f659e0dfe95d7ecd elapsed=65.771µs err=Some("connection closed by peer")
[CRASH] id=224 state=0000000000000000 elapsed=8.322µs err=Some("connection closed by peer")
[CRASH] id=227 state=0000000000000000 elapsed=8.361µs err=Some("connection closed by peer")
[CRASH] id=230 state=0000000000000000 elapsed=8.06µs err=Some("connection closed by peer")
[CRASH] id=233 state=0000000000000000 elapsed=7.913µs err=Some("connection closed by peer")
[CRASH] id=236 state=0000000000000000 elapsed=8.026µs err=Some("connection closed by peer")
[CRASH] id=239 state=0000000000000000 elapsed=7.676µs err=Some("connection closed by peer")
[FIND] id=242 new_state=false new_cov=true codes=[220] resp0=32323020437261736861626c65205465…
[CRASH] id=244 state=0000000000000000 elapsed=8.595µs err=Some("connection closed by peer")
[CRASH] id=247 state=0000000000000000 elapsed=7.888µs err=Some("connection closed by peer")
[CRASH] id=250 state=0000000000000000 elapsed=9.232µs err=Some("connection closed by peer")
[CRASH] id=253 state=0000000000000000 elapsed=8.182µs err=Some("connection closed by peer")
[CRASH] id=256 state=0000000000000000 elapsed=9.465µs err=Some("connection closed by peer")
[CRASH] id=259 state=0000000000000000 elapsed=7.691µs err=Some("connection closed by peer")
[CRASH] id=262 state=0000000000000000 elapsed=7.503µs err=Some("connection closed by peer")
[CRASH] id=264 state=f659e0dfe95d7ecd elapsed=81.992µs err=Some("connection closed by peer")
[CRASH] id=267 state=0000000000000000 elapsed=7.616µs err=Some("connection closed by peer")
[CRASH] id=270 state=0000000000000000 elapsed=7.553µs err=Some("connection closed by peer")
[CRASH] id=273 state=0000000000000000 elapsed=7.62µs err=Some("connection closed by peer")
[CRASH] id=276 state=0000000000000000 elapsed=7.213µs err=Some("connection closed by peer")
[CRASH] id=279 state=0000000000000000 elapsed=7.778µs err=Some("connection closed by peer")
[CRASH] id=282 state=0000000000000000 elapsed=7.993µs err=Some("connection closed by peer")
[CRASH] id=283 state=91b32379f3501477 elapsed=85.003µs err=Some("connection closed by peer")
[CRASH] id=286 state=0000000000000000 elapsed=11.434µs err=Some("connection closed by peer")
[CRASH] id=289 state=0000000000000000 elapsed=7.78µs err=Some("connection closed by peer")
[CRASH] id=293 state=0000000000000000 elapsed=7.681µs err=Some("connection closed by peer")
[CRASH] id=296 state=0000000000000000 elapsed=7.595µs err=Some("connection closed by peer")
[CRASH] id=299 state=0000000000000000 elapsed=10.264µs err=Some("connection closed by peer")
[CRASH] id=302 state=0000000000000000 elapsed=7.83µs err=Some("connection closed by peer")
[CRASH] id=305 state=0000000000000000 elapsed=7.878µs err=Some("connection closed by peer")
[CRASH] id=308 state=0000000000000000 elapsed=7.817µs err=Some("connection closed by peer")
[CRASH] id=310 state=f659e0dfe95d7ecd elapsed=93.996µs err=Some("connection closed by peer")
[CRASH] id=313 state=0000000000000000 elapsed=10.283µs err=Some("connection closed by peer")
[CRASH] id=316 state=0000000000000000 elapsed=7.589µs err=Some("connection closed by peer")
[CRASH] id=319 state=0000000000000000 elapsed=7.73µs err=Some("connection closed by peer")
[CRASH] id=321 state=4c785b0fc471ed03 elapsed=66.837µs err=Some("connection closed by peer")
[FIND] id=323 new_state=false new_cov=true codes=[220] resp0=32323020437261736861626c65205465…
[CRASH] id=325 state=0000000000000000 elapsed=9.409µs err=Some("connection closed by peer")
[CRASH] id=328 state=0000000000000000 elapsed=8.232µs err=Some("connection closed by peer")
[CRASH] id=331 state=0000000000000000 elapsed=7.862µs err=Some("connection closed by peer")
[CRASH] id=334 state=0000000000000000 elapsed=9.404µs err=Some("connection closed by peer")
[CRASH] id=337 state=0000000000000000 elapsed=7.8µs err=Some("connection closed by peer")
[CRASH] id=340 state=0000000000000000 elapsed=9.598µs err=Some("connection closed by peer")
[CRASH] id=342 state=4c785b0fc471ed03 elapsed=72.283µs err=Some("connection closed by peer")
[CRASH] id=346 state=0000000000000000 elapsed=7.934µs err=Some("connection closed by peer")
[CRASH] id=349 state=0000000000000000 elapsed=7.352µs err=Some("connection closed by peer")
[CRASH] id=352 state=0000000000000000 elapsed=7.898µs err=Some("connection closed by peer")
[CRASH] id=355 state=0000000000000000 elapsed=7.822µs err=Some("connection closed by peer")
[CRASH] id=358 state=0000000000000000 elapsed=8.12µs err=Some("connection closed by peer")
[FIND] id=360 new_state=false new_cov=true codes=[230] resp0=323330204c6f67696e20737563636573…
[CRASH] id=362 state=0000000000000000 elapsed=9.052µs err=Some("connection closed by peer")
[CRASH] id=364 state=f659e0dfe95d7ecd elapsed=68.528µs err=Some("connection closed by peer")
[CRASH] id=367 state=0000000000000000 elapsed=8.402µs err=Some("connection closed by peer")
[CRASH] id=370 state=0000000000000000 elapsed=7.968µs err=Some("connection closed by peer")
[CRASH] id=373 state=0000000000000000 elapsed=7.41µs err=Some("connection closed by peer")
[CRASH] id=375 state=f659e0dfe95d7ecd elapsed=62.306µs err=Some("connection closed by peer")
[CRASH] id=378 state=0000000000000000 elapsed=7.854µs err=Some("connection closed by peer")
[CRASH] id=381 state=0000000000000000 elapsed=7.838µs err=Some("connection closed by peer")
[INFO] === Campaign Summary ===
[STAT] [0.1s] execs: 288 (4984/s) | corpus: 95 | paths: 20 | states: 9 | cov_edges: 15 | crashes: 82 | hangs: 0 | restores: 0 | desock: 83 | nxs_sec: 0 | snap: - | tracker_states: 9 | py_oracle: 0/0
[INFO] Unique states observed: 9
[INFO] Transitions recorded: 19
[INFO] Predictor observations: 287
[INFO] Coverage edges (map+shm): 15
[INFO] Python oracle hits/misses: 0/0
[INFO] Python mutator extra dict: inactive
[INFO] Protocol desocket resets: 83
[INFO] Plugins used: protocol=ftp integrity=ftp oracle=default encryptor=null
