[INFO] Nexsiz v0.1.0 starting
[INFO] Target: 127.0.0.1:2121 (tcp)
[INFO] Plugins: protocol=ftp integrity=ftp oracle=default encryptor=null
[INFO] Coverage provider: map+shm
[INFO] Oracle: default
[INFO] Snapshot provider: process (backend=process)
[INFO] Workers: 1 | Connection reuse: true | Adaptive state: true
[INFO] Protocol model: ftp
[INFO] Loaded 4 unique seeds
[INFO] Reached max_execs limit
[INFO] Shutting down workers…
[FIND] id=5 new_state=true new_cov=true codes=[] resp0=
[FIND] id=7 new_state=false new_cov=true codes=[] resp0=
[FIND] id=83 new_state=true new_cov=true codes=[220] resp0=32323020437261736861626c65205465…
[CRASH] id=85 state=0000000000000000 elapsed=17.184µs err=Some("connection closed by peer")
[WARN] Target process issue (network-observed crash); snapshot=process restoring…
[INFO] Snapshot restore completed (workers will reconnect)
[CRASH] id=88 state=0000000000000000 elapsed=9.477µs err=Some("connection closed by peer")
[WARN] Target process issue (network-observed crash); snapshot=process restoring…
[INFO] Snapshot restore completed (workers will reconnect)
[CRASH] id=91 state=0000000000000000 elapsed=9.424µs err=Some("connection closed by peer")
[WARN] Target process issue (network-observed crash); snapshot=process restoring…
[INFO] Snapshot restore completed (workers will reconnect)
[CRASH] id=94 state=0000000000000000 elapsed=21.922µs err=Some("connection closed by peer")
[WARN] Target process issue (network-observed crash); snapshot=process restoring…
[INFO] Snapshot restore completed (workers will reconnect)
[CRASH] id=97 state=0000000000000000 elapsed=10.829µs err=Some("connection closed by peer")
[WARN] Target process issue (network-observed crash); snapshot=process restoring…
[INFO] Snapshot restore completed (workers will reconnect)
[CRASH] id=100 state=0000000000000000 elapsed=10.533µs err=Some("connection closed by peer")
[WARN] Target process issue (network-observed crash); snapshot=process restoring…
[INFO] Snapshot restore completed (workers will reconnect)
[CRASH] id=103 state=0000000000000000 elapsed=8.332µs err=Some("connection closed by peer")
[WARN] Target process issue (network-observed crash); snapshot=process restoring…
[INFO] Snapshot restore completed (workers will reconnect)
[CRASH] id=106 state=0000000000000000 elapsed=7.814µs err=Some("connection closed by peer")
[WARN] Target process issue (network-observed crash); snapshot=process restoring…
[INFO] Snapshot restore completed (workers will reconnect)
[CRASH] id=109 state=0000000000000000 elapsed=9.094µs err=Some("connection closed by peer")
[WARN] Target process issue (network-observed crash); snapshot=process restoring…
[INFO] Snapshot restore completed (workers will reconnect)
[CRASH] id=112 state=0000000000000000 elapsed=8.218µs err=Some("connection closed by peer")
[WARN] Target process issue (network-observed crash); snapshot=process restoring…
[INFO] Snapshot restore completed (workers will reconnect)
[CRASH] id=115 state=0000000000000000 elapsed=7.837µs err=Some("connection closed by peer")
[WARN] Target process issue (network-observed crash); snapshot=process restoring…
[INFO] Snapshot restore completed (workers will reconnect)
[CRASH] id=118 state=0000000000000000 elapsed=15.9µs err=Some("connection closed by peer")
[WARN] Target process issue (network-observed crash); snapshot=process restoring…
[INFO] Snapshot restore completed (workers will reconnect)
[FIND] id=119 new_state=true new_cov=true codes=[331] resp0=3333312050617373776f726420726571…
[FIND] id=121 new_state=false new_cov=true codes=[220] resp0=32323020437261736861626c65205465…
[CRASH] id=123 state=0000000000000000 elapsed=14.769µs err=Some("connection closed by peer")
[WARN] Target process issue (network-observed crash); snapshot=process restoring…
[INFO] Snapshot restore completed (workers will reconnect)
[FIND] id=125 new_state=true new_cov=true codes=[220] resp0=32323020437261736861626c65205465…
[FIND] id=127 new_state=false new_cov=true codes=[220] resp0=32323020437261736861626c65205465…
[FIND] id=129 new_state=false new_cov=true codes=[220] resp0=32323020437261736861626c65205465…
[CRASH] id=131 state=0000000000000000 elapsed=9.108µs err=Some("connection closed by peer")
[WARN] Target process issue (network-observed crash); snapshot=process restoring…
[INFO] Snapshot restore completed (workers will reconnect)
[CRASH] id=136 state=0000000000000000 elapsed=8.15µs err=Some("connection closed by peer")
[WARN] Target process issue (network-observed crash); snapshot=process restoring…
[INFO] Snapshot restore completed (workers will reconnect)
[CRASH] id=139 state=0000000000000000 elapsed=7.99µs err=Some("connection closed by peer")
[WARN] Target process issue (network-observed crash); snapshot=process restoring…
[INFO] Snapshot restore completed (workers will reconnect)
[CRASH] id=141 state=0000000000000000 elapsed=7.688µs err=Some("connection closed by peer")
[WARN] Target process issue (network-observed crash); snapshot=process restoring…
[INFO] Snapshot restore completed (workers will reconnect)
[CRASH] id=144 state=0000000000000000 elapsed=7.904µs err=Some("connection closed by peer")
[WARN] Target process issue (network-observed crash); snapshot=process restoring…
[INFO] Snapshot restore completed (workers will reconnect)
[CRASH] id=147 state=0000000000000000 elapsed=8.144µs err=Some("connection closed by peer")
[WARN] Target process issue (network-observed crash); snapshot=process restoring…
[INFO] Snapshot restore completed (workers will reconnect)
[CRASH] id=150 state=0000000000000000 elapsed=7.842µs err=Some("connection closed by peer")
[WARN] Target process issue (network-observed crash); snapshot=process restoring…
[INFO] Snapshot restore completed (workers will reconnect)
[CRASH] id=153 state=0000000000000000 elapsed=7.887µs err=Some("connection closed by peer")
[WARN] Target process issue (network-observed crash); snapshot=process restoring…
[INFO] Snapshot restore completed (workers will reconnect)
[CRASH] id=156 state=0000000000000000 elapsed=7.863µs err=Some("connection closed by peer")
[WARN] Target process issue (network-observed crash); snapshot=process restoring…
[INFO] Snapshot restore completed (workers will reconnect)
[FIND] id=158 new_state=true new_cov=true codes=[331] resp0=3333312050617373776f726420726571…
[CRASH] id=160 state=0000000000000000 elapsed=10.59µs err=Some("connection closed by peer")
[WARN] Target process issue (network-observed crash); snapshot=process restoring…
[INFO] Snapshot restore completed (workers will reconnect)
[CRASH] id=163 state=0000000000000000 elapsed=8.144µs err=Some("connection closed by peer")
[WARN] Target process issue (network-observed crash); snapshot=process restoring…
[INFO] Snapshot restore completed (workers will reconnect)
[CRASH] id=166 state=0000000000000000 elapsed=564.892µs err=Some("connection closed by peer")
[WARN] Target process issue (network-observed crash); snapshot=process restoring…
[INFO] Nexsiz v0.1.0 starting
[INFO] Target: 127.0.0.1:2121 (tcp)
[INFO] Plugins: protocol=ftp integrity=ftp oracle=default encryptor=null
[INFO] Coverage provider: map+shm
[INFO] Oracle: default
[INFO] Snapshot provider: process (backend=process)
[INFO] Workers: 1 | Connection reuse: true | Adaptive state: true
[INFO] Protocol model: ftp
[INFO] Loaded 4 unique seeds
[INFO] Reached max_execs limit
[INFO] Shutting down workers…
[FIND] id=5 new_state=true new_cov=true codes=[220] resp0=32323020437261736861626c65205465…
[FIND] id=7 new_state=true new_cov=true codes=[] resp0=
[FIND] id=9 new_state=false new_cov=true codes=[220] resp0=32323020437261736861626c65205465…
[CRASH] id=11 state=0000000000000000 elapsed=11.675µs err=Some("connection closed by peer")
[WARN] Target process issue (network-observed crash); snapshot=process restoring…
[INFO] Snapshot restore completed (workers will reconnect)
[CRASH] id=14 state=0000000000000000 elapsed=5.499µs err=Some("connection closed by peer")
[WARN] Target process issue (network-observed crash); snapshot=process restoring…
[INFO] Snapshot restore completed (workers will reconnect)
[CRASH] id=16 state=91b32379f3501477 elapsed=29.479µs err=Some("connection closed by peer")
[WARN] Target process issue (network-observed crash); snapshot=process restoring…
[INFO] Snapshot restore completed (workers will reconnect)
[CRASH] id=18 state=91b32379f3501477 elapsed=28.493µs err=Some("connection closed by peer")
[WARN] Target process issue (network-observed crash); snapshot=process restoring…
[INFO] Snapshot restore completed (workers will reconnect)
[FIND] id=20 new_state=false new_cov=true codes=[220] resp0=32323020437261736861626c65205465…
[CRASH] id=22 state=0000000000000000 elapsed=5.17µs err=Some("connection closed by peer")
[WARN] Target process issue (network-observed crash); snapshot=process restoring…
[INFO] Snapshot restore completed (workers will reconnect)
[FIND] id=24 new_state=true new_cov=true codes=[331] resp0=3333312050617373776f726420726571…
[CRASH] id=26 state=0000000000000000 elapsed=5.44µs err=Some("connection closed by peer")
[WARN] Target process issue (network-observed crash); snapshot=process restoring…
[INFO] Snapshot restore completed (workers will reconnect)
[CRASH] id=28 state=f659e0dfe95d7ecd elapsed=24.7µs err=Some("connection closed by peer")
[WARN] Target process issue (network-observed crash); snapshot=process restoring…
[INFO] Snapshot restore completed (workers will reconnect)
[CRASH] id=30 state=f659e0dfe95d7ecd elapsed=22.224µs err=Some("connection closed by peer")
[WARN] Target process issue (network-observed crash); snapshot=process restoring…
[INFO] Snapshot restore completed (workers will reconnect)
[CRASH] id=32 state=f659e0dfe95d7ecd elapsed=21.808µs err=Some("connection closed by peer")
[WARN] Target process issue (network-observed crash); snapshot=process restoring…
[INFO] Snapshot restore completed (workers will reconnect)
[CRASH] id=34 state=91b32379f3501477 elapsed=27.531µs err=Some("connection closed by peer")
[WARN] Target process issue (network-observed crash); snapshot=process restoring…
[INFO] Snapshot restore completed (workers will reconnect)
[FIND] id=36 new_state=false new_cov=true codes=[331] resp0=3333312050617373776f726420726571…
[CRASH] id=38 state=0000000000000000 elapsed=5.17µs err=Some("connection closed by peer")
[WARN] Target process issue (network-observed crash); snapshot=process restoring…
[INFO] Snapshot restore completed (workers will reconnect)
[CRASH] id=40 state=91b32379f3501477 elapsed=24.717µs err=Some("connection closed by peer")
[WARN] Target process issue (network-observed crash); snapshot=process restoring…
[INFO] Snapshot restore completed (workers will reconnect)
[CRASH] id=42 state=7dd79257efe6505f elapsed=25.243µs err=Some("connection closed by peer")
[WARN] Target process issue (network-observed crash); snapshot=process restoring…
[INFO] Snapshot restore completed (workers will reconnect)
[CRASH] id=44 state=7dd79257efe6505f elapsed=22.475µs err=Some("connection closed by peer")
[WARN] Target process issue (network-observed crash); snapshot=process restoring…
[INFO] Snapshot restore completed (workers will reconnect)
[CRASH] id=46 state=91b32379f3501477 elapsed=22.72µs err=Some("connection closed by peer")
[WARN] Target process issue (network-observed crash); snapshot=process restoring…
[INFO] Snapshot restore completed (workers will reconnect)
[CRASH] id=48 state=f659e0dfe95d7ecd elapsed=26.568µs err=Some("connection closed by peer")
[WARN] Target process issue (network-observed crash); snapshot=process restoring…
[INFO] Snapshot restore completed (workers will reconnect)
[CRASH] id=50 state=91b32379f3501477 elapsed=24.684µs err=Some("connection closed by peer")
[WARN] Target process issue (network-observed crash); snapshot=process restoring…
[INFO] Snapshot restore completed (workers will reconnect)
[CRASH] id=53 state=0000000000000000 elapsed=5.615µs err=Some("connection closed by peer")
[WARN] Target process issue (network-observed crash); snapshot=process restoring…
[INFO] Snapshot restore completed (workers will reconnect)
[CRASH] id=55 state=91b32379f3501477 elapsed=44.61µs err=Some("connection closed by peer")
[WARN] Target process issue (network-observed crash); snapshot=process restoring…
[INFO] Snapshot restore completed (workers will reconnect)
[CRASH] id=58 state=0000000000000000 elapsed=5.4µs err=Some("connection closed by peer")
[WARN] Target process issue (network-observed crash); snapshot=process restoring…
[INFO] Snapshot restore completed (workers will reconnect)
[CRASH] id=61 state=0000000000000000 elapsed=10.952µs err=Some("connection closed by peer")
[WARN] Target process issue (network-observed crash); snapshot=process restoring…
[INFO] Snapshot restore completed (workers will reconnect)
[CRASH] id=63 state=91b32379f3501477 elapsed=31.797µs err=Some("connection closed by peer")
[WARN] Target process issue (network-observed crash); snapshot=process restoring…
[INFO] Snapshot restore completed (workers will reconnect)
[CRASH] id=65 state=91b32379f3501477 elapsed=29.123µs err=Some("connection closed by peer")
[WARN] Target process issue (network-observed crash); snapshot=process restoring…
[INFO] Snapshot restore completed (workers will reconnect)
[CRASH] id=68 state=91b32379f3501477 elapsed=58.49µs err=Some("connection closed by peer")
[WARN] Target process issue (network-observed crash); snapshot=process restoring…
[INFO] Snapshot restore completed (workers will reconnect)
[CRASH] id=71 state=0000000000000000 elapsed=5.411µs err=Some("connection closed by peer")
[WARN] Target process issue (network-observed crash); snapshot=process restoring…
